MPLINK 4.37, Linker
Linker Map File - Created Mon Apr 11 18:53:21 2011

                                 Section Info
                  Section       Type    Address   Location Size(Bytes)
                ---------  ---------  ---------  ---------  ---------
               _entry_scn       code   0x000000    program   0x000006
                   .cinit    romdata   0x000006    program   0x000002
               _cinit_scn       code   0x000008    program   0x00009e
                    .code       code   0x0000a6    program   0x000020
             _startup_scn       code   0x0000c6    program   0x00001c
             .code_main.o       code   0x0000e2    program   0x000010
           .code___init.o       code   0x0000f2    program   0x000002
         .idata_c018i.o_i    romdata   0x0000f4    program   0x000000
         .romdata_c018i.o    romdata   0x0000f4    program   0x000000
            .code_c018i.o       code   0x0000f4    program   0x000000
          .idata_main.o_i    romdata   0x0000f4    program   0x000000
          .romdata_main.o    romdata   0x0000f4    program   0x000000
        .idata___init.o_i    romdata   0x0000f4    program   0x000000
        .romdata___init.o    romdata   0x0000f4    program   0x000000
                MATH_DATA      udata   0x000000       data   0x000002
                 .tmpdata      udata   0x000002       data   0x000000
           .udata_c018i.o      udata   0x000060       data   0x00000a
           .idata_c018i.o      idata   0x00006a       data   0x000000
            .udata_main.o      udata   0x00006a       data   0x000000
            .idata_main.o      idata   0x00006a       data   0x000000
          .udata___init.o      udata   0x00006a       data   0x000000
          .idata___init.o      idata   0x00006a       data   0x000000
                   .stack      udata   0x000d00       data   0x000100
              SFR_BANKED0      udata   0x000e41       data   0x0000bf
              SFR_BANKED1      udata   0x000f00       data   0x000040
              SFR_BANKED2      udata   0x000f47       data   0x000019
            SFR_UNBANKED0      udata   0x000f60       data   0x0000a0



                              Program Memory Usage 
                               Start         End      
                           ---------   ---------      
                            0x000000    0x0000f3      
            244 out of 33816 program addresses used, program memory utilization is 0%



                              Symbols - Sorted by Name
                     Name    Address   Location    Storage File                     
                ---------  ---------  ---------  --------- ---------                
       ___return_lbl00000   0x000004    program     static                          
       ___return_lbl00001   0x0000e0    program     static                          
       ___return_lbl00002   0x0000a4    program     static                          
                   __init   0x0000f2    program     extern C:\MCC18\src\traditional\stdclib\__init.c
            __zero_memory   0x0000a6    program     extern C:\MCC18\src\traditional\proc\p18F25K80.asm
                _do_cinit   0x000008    program     extern C:\MCC18\src\traditional\startup\c018i.c
                   _entry   0x000000    program     extern C:\MCC18\src\traditional\startup\c018i.c
                 _startup   0x0000c6    program     extern C:\MCC18\src\traditional\startup\c018i.c
                compare_l   0x0000bc    program     static C:\MCC18\src\traditional\proc\p18F25K80.asm
                copy_loop   0x00007a    program     static                          
            copy_one_byte   0x000080    program     static                          
                     done   0x0000a4    program     static                          
             done_copying   0x00008e    program     static                          
                     loop   0x0000d6    program     static                          
                   loop_h   0x0000b4    program     static C:\MCC18\src\traditional\proc\p18F25K80.asm
                   loop_l   0x0000be    program     static C:\MCC18\src\traditional\proc\p18F25K80.asm
                     main   0x0000ea    program     extern L:\aquarium\test\main.c  
                 mcu_init   0x0000e2    program     extern L:\aquarium\test\main.c  
                     test   0x000022    program     static                          
               zero_block   0x0000b4    program     static C:\MCC18\src\traditional\proc\p18F25K80.asm
                   ADCON0   0x000fc2       data     extern C:\MCC18\src\traditional\proc\p18F25K80.asm
               ADCON0bits   0x000fc2       data     extern C:\MCC18\src\traditional\proc\p18F25K80.asm
                   ADCON1   0x000fc1       data     extern C:\MCC18\src\traditional\proc\p18F25K80.asm
               ADCON1bits   0x000fc1       data     extern C:\MCC18\src\traditional\proc\p18F25K80.asm
                   ADCON2   0x000fc0       data     extern C:\MCC18\src\traditional\proc\p18F25K80.asm
               ADCON2bits   0x000fc0       data     extern C:\MCC18\src\traditional\proc\p18F25K80.asm
                    ADRES   0x000fc3       data     extern C:\MCC18\src\traditional\proc\p18F25K80.asm
                   ADRESH   0x000fc4       data     extern C:\MCC18\src\traditional\proc\p18F25K80.asm
                   ADRESL   0x000fc3       data     extern C:\MCC18\src\traditional\proc\p18F25K80.asm
                   ANCON0   0x000f5d       data     extern C:\MCC18\src\traditional\proc\p18F25K80.asm
               ANCON0bits   0x000f5d       data     extern C:\MCC18\src\traditional\proc\p18F25K80.asm
                   ANCON1   0x000f5c       data     extern C:\MCC18\src\traditional\proc\p18F25K80.asm
               ANCON1bits   0x000f5c       data     extern C:\MCC18\src\traditional\proc\p18F25K80.asm
                    B0CON   0x000e80       data     extern C:\MCC18\src\traditional\proc\p18F25K80.asm
                B0CONbits   0x000e80       data     extern C:\MCC18\src\traditional\proc\p18F25K80.asm
                     B0D0   0x000e86       data     extern C:\MCC18\src\traditional\proc\p18F25K80.asm
                 B0D0bits   0x000e86       data     extern C:\MCC18\src\traditional\proc\p18F25K80.asm
                     B0D1   0x000e87       data     extern C:\MCC18\src\traditional\proc\p18F25K80.asm
                 B0D1bits   0x000e87       data     extern C:\MCC18\src\traditional\proc\p18F25K80.asm
                     B0D2   0x000e88       data     extern C:\MCC18\src\traditional\proc\p18F25K80.asm
                 B0D2bits   0x000e88       data     extern C:\MCC18\src\traditional\proc\p18F25K80.asm
                     B0D3   0x000e89       data     extern C:\MCC18\src\traditional\proc\p18F25K80.asm
                 B0D3bits   0x000e89       data     extern C:\MCC18\src\traditional\proc\p18F25K80.asm
                     B0D4   0x000e8a       data     extern C:\MCC18\src\traditional\proc\p18F25K80.asm
                 B0D4bits   0x000e8a       data     extern C:\MCC18\src\traditional\proc\p18F25K80.asm
                     B0D5   0x000e8b       data     extern C:\MCC18\src\traditional\proc\p18F25K80.asm
                 B0D5bits   0x000e8b       data     extern C:\MCC18\src\traditional\proc\p18F25K80.asm
                     B0D6   0x000e8c       data     extern C:\MCC18\src\traditional\proc\p18F25K80.asm
                 B0D6bits   0x000e8c       data     extern C:\MCC18\src\traditional\proc\p18F25K80.asm
                     B0D7   0x000e8d       data     extern C:\MCC18\src\traditional\proc\p18F25K80.asm
                 B0D7bits   0x000e8d       data     extern C:\MCC18\src\traditional\proc\p18F25K80.asm
                    B0DLC   0x000e85       data     extern C:\MCC18\src\traditional\proc\p18F25K80.asm
                B0DLCbits   0x000e85       data     extern C:\MCC18\src\traditional\proc\p18F25K80.asm
                   B0EIDH   0x000e83       data     extern C:\MCC18\src\traditional\proc\p18F25K80.asm
               B0EIDHbits   0x000e83       data     extern C:\MCC18\src\traditional\proc\p18F25K80.asm
                   B0EIDL   0x000e84       data     extern C:\MCC18\src\traditional\proc\p18F25K80.asm
               B0EIDLbits   0x000e84       data     extern C:\MCC18\src\traditional\proc\p18F25K80.asm
                   B0SIDH   0x000e81       data     extern C:\MCC18\src\traditional\proc\p18F25K80.asm
               B0SIDHbits   0x000e81       data     extern C:\MCC18\src\traditional\proc\p18F25K80.asm
                   B0SIDL   0x000e82       data     extern C:\MCC18\src\traditional\proc\p18F25K80.asm
               B0SIDLbits   0x000e82       data     extern C:\MCC18\src\traditional\proc\p18F25K80.asm
                    B1CON   0x000e90       data     extern C:\MCC18\src\traditional\proc\p18F25K80.asm
                B1CONbits   0x000e90       data     extern C:\MCC18\src\traditional\proc\p18F25K80.asm
                     B1D0   0x000e96       data     extern C:\MCC18\src\traditional\proc\p18F25K80.asm
                 B1D0bits   0x000e96       data     extern C:\MCC18\src\traditional\proc\p18F25K80.asm
                     B1D1   0x000e97       data     extern C:\MCC18\src\traditional\proc\p18F25K80.asm
                 B1D1bits   0x000e97       data     extern C:\MCC18\src\traditional\proc\p18F25K80.asm
                     B1D2   0x000e98       data     extern C:\MCC18\src\traditional\proc\p18F25K80.asm
                 B1D2bits   0x000e98       data     extern C:\MCC18\src\traditional\proc\p18F25K80.asm
                     B1D3   0x000e99       data     extern C:\MCC18\src\traditional\proc\p18F25K80.asm
                 B1D3bits   0x000e99       data     extern C:\MCC18\src\traditional\proc\p18F25K80.asm
                     B1D4   0x000e9a       data     extern C:\MCC18\src\traditional\proc\p18F25K80.asm
                 B1D4bits   0x000e9a       data     extern C:\MCC18\src\traditional\proc\p18F25K80.asm
                     B1D5   0x000e9b       data     extern C:\MCC18\src\traditional\proc\p18F25K80.asm
                 B1D5bits   0x000e9b       data     extern C:\MCC18\src\traditional\proc\p18F25K80.asm
                     B1D6   0x000e9c       data     extern C:\MCC18\src\traditional\proc\p18F25K80.asm
                 B1D6bits   0x000e9c       data     extern C:\MCC18\src\traditional\proc\p18F25K80.asm
                     B1D7   0x000e9d       data     extern C:\MCC18\src\traditional\proc\p18F25K80.asm
                 B1D7bits   0x000e9d       data     extern C:\MCC18\src\traditional\proc\p18F25K80.asm
                    B1DLC   0x000e95       data     extern C:\MCC18\src\traditional\proc\p18F25K80.asm
                B1DLCbits   0x000e95       data     extern C:\MCC18\src\traditional\proc\p18F25K80.asm
                   B1EIDH   0x000e93       data     extern C:\MCC18\src\traditional\proc\p18F25K80.asm
               B1EIDHbits   0x000e93       data     extern C:\MCC18\src\traditional\proc\p18F25K80.asm
                   B1EIDL   0x000e94       data     extern C:\MCC18\src\traditional\proc\p18F25K80.asm
               B1EIDLbits   0x000e94       data     extern C:\MCC18\src\traditional\proc\p18F25K80.asm
                   B1SIDH   0x000e91       data     extern C:\MCC18\src\traditional\proc\p18F25K80.asm
               B1SIDHbits   0x000e91       data     extern C:\MCC18\src\traditional\proc\p18F25K80.asm
                   B1SIDL   0x000e92       data     extern C:\MCC18\src\traditional\proc\p18F25K80.asm
               B1SIDLbits   0x000e92       data     extern C:\MCC18\src\traditional\proc\p18F25K80.asm
                    B2CON   0x000ea0       data     extern C:\MCC18\src\traditional\proc\p18F25K80.asm
                B2CONbits   0x000ea0       data     extern C:\MCC18\src\traditional\proc\p18F25K80.asm
                     B2D0   0x000ea6       data     extern C:\MCC18\src\traditional\proc\p18F25K80.asm
                 B2D0bits   0x000ea6       data     extern C:\MCC18\src\traditional\proc\p18F25K80.asm
                     B2D1   0x000ea7       data     extern C:\MCC18\src\traditional\proc\p18F25K80.asm
                 B2D1bits   0x000ea7       data     extern C:\MCC18\src\traditional\proc\p18F25K80.asm
                     B2D2   0x000ea8       data     extern C:\MCC18\src\traditional\proc\p18F25K80.asm
                 B2D2bits   0x000ea8       data     extern C:\MCC18\src\traditional\proc\p18F25K80.asm
                     B2D3   0x000ea9       data     extern C:\MCC18\src\traditional\proc\p18F25K80.asm
                 B2D3bits   0x000ea9       data     extern C:\MCC18\src\traditional\proc\p18F25K80.asm
                     B2D4   0x000eaa       data     extern C:\MCC18\src\traditional\proc\p18F25K80.asm
                 B2D4bits   0x000eaa       data     extern C:\MCC18\src\traditional\proc\p18F25K80.asm
                     B2D5   0x000eab       data     extern C:\MCC18\src\traditional\proc\p18F25K80.asm
                 B2D5bits   0x000eab       data     extern C:\MCC18\src\traditional\proc\p18F25K80.asm
                     B2D6   0x000eac       data     extern C:\MCC18\src\traditional\proc\p18F25K80.asm
                 B2D6bits   0x000eac       data     extern C:\MCC18\src\traditional\proc\p18F25K80.asm
                     B2D7   0x000ead       data     extern C:\MCC18\src\traditional\proc\p18F25K80.asm
                 B2D7bits   0x000ead       data     extern C:\MCC18\src\traditional\proc\p18F25K80.asm
                    B2DLC   0x000ea5       data     extern C:\MCC18\src\traditional\proc\p18F25K80.asm
                B2DLCbits   0x000ea5       data     extern C:\MCC18\src\traditional\proc\p18F25K80.asm
                   B2EIDH   0x000ea3       data     extern C:\MCC18\src\traditional\proc\p18F25K80.asm
               B2EIDHbits   0x000ea3       data     extern C:\MCC18\src\traditional\proc\p18F25K80.asm
                   B2EIDL   0x000ea4       data     extern C:\MCC18\src\traditional\proc\p18F25K80.asm
               B2EIDLbits   0x000ea4       data     extern C:\MCC18\src\traditional\proc\p18F25K80.asm
                   B2SIDH   0x000ea1       data     extern C:\MCC18\src\traditional\proc\p18F25K80.asm
               B2SIDHbits   0x000ea1       data     extern C:\MCC18\src\traditional\proc\p18F25K80.asm
                   B2SIDL   0x000ea2       data     extern C:\MCC18\src\traditional\proc\p18F25K80.asm
               B2SIDLbits   0x000ea2       data     extern C:\MCC18\src\traditional\proc\p18F25K80.asm
                    B3CON   0x000eb0       data     extern C:\MCC18\src\traditional\proc\p18F25K80.asm
                B3CONbits   0x000eb0       data     extern C:\MCC18\src\traditional\proc\p18F25K80.asm
                     B3D0   0x000eb6       data     extern C:\MCC18\src\traditional\proc\p18F25K80.asm
                 B3D0bits   0x000eb6       data     extern C:\MCC18\src\traditional\proc\p18F25K80.asm
                     B3D1   0x000eb7       data     extern C:\MCC18\src\traditional\proc\p18F25K80.asm
                 B3D1bits   0x000eb7       data     extern C:\MCC18\src\traditional\proc\p18F25K80.asm
                     B3D2   0x000eb8       data     extern C:\MCC18\src\traditional\proc\p18F25K80.asm
                 B3D2bits   0x000eb8       data     extern C:\MCC18\src\traditional\proc\p18F25K80.asm
                     B3D3   0x000eb9       data     extern C:\MCC18\src\traditional\proc\p18F25K80.asm
                 B3D3bits   0x000eb9       data     extern C:\MCC18\src\traditional\proc\p18F25K80.asm
                     B3D4   0x000eba       data     extern C:\MCC18\src\traditional\proc\p18F25K80.asm
                 B3D4bits   0x000eba       data     extern C:\MCC18\src\traditional\proc\p18F25K80.asm
                     B3D5   0x000ebb       data     extern C:\MCC18\src\traditional\proc\p18F25K80.asm
                 B3D5bits   0x000ebb       data     extern C:\MCC18\src\traditional\proc\p18F25K80.asm
                     B3D6   0x000ebc       data     extern C:\MCC18\src\traditional\proc\p18F25K80.asm
                 B3D6bits   0x000ebc       data     extern C:\MCC18\src\traditional\proc\p18F25K80.asm
                     B3D7   0x000ebd       data     extern C:\MCC18\src\traditional\proc\p18F25K80.asm
                 B3D7bits   0x000ebd       data     extern C:\MCC18\src\traditional\proc\p18F25K80.asm
                    B3DLC   0x000eb5       data     extern C:\MCC18\src\traditional\proc\p18F25K80.asm
                B3DLCbits   0x000eb5       data     extern C:\MCC18\src\traditional\proc\p18F25K80.asm
                   B3EIDH   0x000eb3       data     extern C:\MCC18\src\traditional\proc\p18F25K80.asm
               B3EIDHbits   0x000eb3       data     extern C:\MCC18\src\traditional\proc\p18F25K80.asm
                   B3EIDL   0x000eb4       data     extern C:\MCC18\src\traditional\proc\p18F25K80.asm
               B3EIDLbits   0x000eb4       data     extern C:\MCC18\src\traditional\proc\p18F25K80.asm
                   B3SIDH   0x000eb1       data     extern C:\MCC18\src\traditional\proc\p18F25K80.asm
               B3SIDHbits   0x000eb1       data     extern C:\MCC18\src\traditional\proc\p18F25K80.asm
                   B3SIDL   0x000eb2       data     extern C:\MCC18\src\traditional\proc\p18F25K80.asm
               B3SIDLbits   0x000eb2       data     extern C:\MCC18\src\traditional\proc\p18F25K80.asm
                    B4CON   0x000ec0       data     extern C:\MCC18\src\traditional\proc\p18F25K80.asm
                B4CONbits   0x000ec0       data     extern C:\MCC18\src\traditional\proc\p18F25K80.asm
                     B4D0   0x000ec6       data     extern C:\MCC18\src\traditional\proc\p18F25K80.asm
                 B4D0bits   0x000ec6       data     extern C:\MCC18\src\traditional\proc\p18F25K80.asm
                     B4D1   0x000ec7       data     extern C:\MCC18\src\traditional\proc\p18F25K80.asm
                 B4D1bits   0x000ec7       data     extern C:\MCC18\src\traditional\proc\p18F25K80.asm
                     B4D2   0x000ec8       data     extern C:\MCC18\src\traditional\proc\p18F25K80.asm
                 B4D2bits   0x000ec8       data     extern C:\MCC18\src\traditional\proc\p18F25K80.asm
                     B4D3   0x000ec9       data     extern C:\MCC18\src\traditional\proc\p18F25K80.asm
                 B4D3bits   0x000ec9       data     extern C:\MCC18\src\traditional\proc\p18F25K80.asm
                     B4D4   0x000eca       data     extern C:\MCC18\src\traditional\proc\p18F25K80.asm
                 B4D4bits   0x000eca       data     extern C:\MCC18\src\traditional\proc\p18F25K80.asm
                     B4D5   0x000ecb       data     extern C:\MCC18\src\traditional\proc\p18F25K80.asm
                 B4D5bits   0x000ecb       data     extern C:\MCC18\src\traditional\proc\p18F25K80.asm
                     B4D6   0x000ecc       data     extern C:\MCC18\src\traditional\proc\p18F25K80.asm
                 B4D6bits   0x000ecc       data     extern C:\MCC18\src\traditional\proc\p18F25K80.asm
                     B4D7   0x000ecd       data     extern C:\MCC18\src\traditional\proc\p18F25K80.asm
                 B4D7bits   0x000ecd       data     extern C:\MCC18\src\traditional\proc\p18F25K80.asm
                    B4DLC   0x000ec5       data     extern C:\MCC18\src\traditional\proc\p18F25K80.asm
                B4DLCbits   0x000ec5       data     extern C:\MCC18\src\traditional\proc\p18F25K80.asm
                   B4EIDH   0x000ec3       data     extern C:\MCC18\src\traditional\proc\p18F25K80.asm
               B4EIDHbits   0x000ec3       data     extern C:\MCC18\src\traditional\proc\p18F25K80.asm
                   B4EIDL   0x000ec4       data     extern C:\MCC18\src\traditional\proc\p18F25K80.asm
               B4EIDLbits   0x000ec4       data     extern C:\MCC18\src\traditional\proc\p18F25K80.asm
                   B4SIDH   0x000ec1       data     extern C:\MCC18\src\traditional\proc\p18F25K80.asm
               B4SIDHbits   0x000ec1       data     extern C:\MCC18\src\traditional\proc\p18F25K80.asm
                   B4SIDL   0x000ec2       data     extern C:\MCC18\src\traditional\proc\p18F25K80.asm
               B4SIDLbits   0x000ec2       data     extern C:\MCC18\src\traditional\proc\p18F25K80.asm
                    B5CON   0x000ed0       data     extern C:\MCC18\src\traditional\proc\p18F25K80.asm
                B5CONbits   0x000ed0       data     extern C:\MCC18\src\traditional\proc\p18F25K80.asm
                     B5D0   0x000ed6       data     extern C:\MCC18\src\traditional\proc\p18F25K80.asm
                 B5D0bits   0x000ed6       data     extern C:\MCC18\src\traditional\proc\p18F25K80.asm
                     B5D1   0x000ed7       data     extern C:\MCC18\src\traditional\proc\p18F25K80.asm
                 B5D1bits   0x000ed7       data     extern C:\MCC18\src\traditional\proc\p18F25K80.asm
                     B5D2   0x000ed8       data     extern C:\MCC18\src\traditional\proc\p18F25K80.asm
                 B5D2bits   0x000ed8       data     extern C:\MCC18\src\traditional\proc\p18F25K80.asm
                     B5D3   0x000ed9       data     extern C:\MCC18\src\traditional\proc\p18F25K80.asm
                 B5D3bits   0x000ed9       data     extern C:\MCC18\src\traditional\proc\p18F25K80.asm
                     B5D4   0x000eda       data     extern C:\MCC18\src\traditional\proc\p18F25K80.asm
                 B5D4bits   0x000eda       data     extern C:\MCC18\src\traditional\proc\p18F25K80.asm
                     B5D5   0x000edb       data     extern C:\MCC18\src\traditional\proc\p18F25K80.asm
                 B5D5bits   0x000edb       data     extern C:\MCC18\src\traditional\proc\p18F25K80.asm
                     B5D6   0x000edc       data     extern C:\MCC18\src\traditional\proc\p18F25K80.asm
                 B5D6bits   0x000edc       data     extern C:\MCC18\src\traditional\proc\p18F25K80.asm
                     B5D7   0x000edd       data     extern C:\MCC18\src\traditional\proc\p18F25K80.asm
                 B5D7bits   0x000edd       data     extern C:\MCC18\src\traditional\proc\p18F25K80.asm
                    B5DLC   0x000ed5       data     extern C:\MCC18\src\traditional\proc\p18F25K80.asm
                B5DLCbits   0x000ed5       data     extern C:\MCC18\src\traditional\proc\p18F25K80.asm
                   B5EIDH   0x000ed3       data     extern C:\MCC18\src\traditional\proc\p18F25K80.asm
               B5EIDHbits   0x000ed3       data     extern C:\MCC18\src\traditional\proc\p18F25K80.asm
                   B5EIDL   0x000ed4       data     extern C:\MCC18\src\traditional\proc\p18F25K80.asm
               B5EIDLbits   0x000ed4       data     extern C:\MCC18\src\traditional\proc\p18F25K80.asm
                   B5SIDH   0x000ed1       data     extern C:\MCC18\src\traditional\proc\p18F25K80.asm
               B5SIDHbits   0x000ed1       data     extern C:\MCC18\src\traditional\proc\p18F25K80.asm
                   B5SIDL   0x000ed2       data     extern C:\MCC18\src\traditional\proc\p18F25K80.asm
               B5SIDLbits   0x000ed2       data     extern C:\MCC18\src\traditional\proc\p18F25K80.asm
                 BAUDCON1   0x000fa7       data     extern C:\MCC18\src\traditional\proc\p18F25K80.asm
             BAUDCON1bits   0x000fa7       data     extern C:\MCC18\src\traditional\proc\p18F25K80.asm
                 BAUDCON2   0x000fb9       data     extern C:\MCC18\src\traditional\proc\p18F25K80.asm
             BAUDCON2bits   0x000fb9       data     extern C:\MCC18\src\traditional\proc\p18F25K80.asm
                     BIE0   0x000e7e       data     extern C:\MCC18\src\traditional\proc\p18F25K80.asm
                 BIE0bits   0x000e7e       data     extern C:\MCC18\src\traditional\proc\p18F25K80.asm
                  BRGCON1   0x000e43       data     extern C:\MCC18\src\traditional\proc\p18F25K80.asm
              BRGCON1bits   0x000e43       data     extern C:\MCC18\src\traditional\proc\p18F25K80.asm
                  BRGCON2   0x000e44       data     extern C:\MCC18\src\traditional\proc\p18F25K80.asm
              BRGCON2bits   0x000e44       data     extern C:\MCC18\src\traditional\proc\p18F25K80.asm
                  BRGCON3   0x000e45       data     extern C:\MCC18\src\traditional\proc\p18F25K80.asm
              BRGCON3bits   0x000e45       data     extern C:\MCC18\src\traditional\proc\p18F25K80.asm
                    BSEL0   0x000e7d       data     extern C:\MCC18\src\traditional\proc\p18F25K80.asm
                BSEL0bits   0x000e7d       data     extern C:\MCC18\src\traditional\proc\p18F25K80.asm
                      BSR   0x000fe0       data     extern C:\MCC18\src\traditional\proc\p18F25K80.asm
                  BSRbits   0x000fe0       data     extern C:\MCC18\src\traditional\proc\p18F25K80.asm
                   CANCON   0x000f6f       data     extern C:\MCC18\src\traditional\proc\p18F25K80.asm
               CANCON_RO0   0x000f3f       data     extern C:\MCC18\src\traditional\proc\p18F25K80.asm
           CANCON_RO0bits   0x000f3f       data     extern C:\MCC18\src\traditional\proc\p18F25K80.asm
               CANCON_RO1   0x000f2f       data     extern C:\MCC18\src\traditional\proc\p18F25K80.asm
           CANCON_RO1bits   0x000f2f       data     extern C:\MCC18\src\traditional\proc\p18F25K80.asm
               CANCON_RO2   0x000f1f       data     extern C:\MCC18\src\traditional\proc\p18F25K80.asm
           CANCON_RO2bits   0x000f1f       data     extern C:\MCC18\src\traditional\proc\p18F25K80.asm
               CANCON_RO3   0x000f0f       data     extern C:\MCC18\src\traditional\proc\p18F25K80.asm
           CANCON_RO3bits   0x000f0f       data     extern C:\MCC18\src\traditional\proc\p18F25K80.asm
               CANCON_RO4   0x000edf       data     extern C:\MCC18\src\traditional\proc\p18F25K80.asm
           CANCON_RO4bits   0x000edf       data     extern C:\MCC18\src\traditional\proc\p18F25K80.asm
               CANCON_RO5   0x000ecf       data     extern C:\MCC18\src\traditional\proc\p18F25K80.asm
           CANCON_RO5bits   0x000ecf       data     extern C:\MCC18\src\traditional\proc\p18F25K80.asm
               CANCON_RO6   0x000ebf       data     extern C:\MCC18\src\traditional\proc\p18F25K80.asm
           CANCON_RO6bits   0x000ebf       data     extern C:\MCC18\src\traditional\proc\p18F25K80.asm
               CANCON_RO7   0x000eaf       data     extern C:\MCC18\src\traditional\proc\p18F25K80.asm
           CANCON_RO7bits   0x000eaf       data     extern C:\MCC18\src\traditional\proc\p18F25K80.asm
               CANCON_RO8   0x000e9f       data     extern C:\MCC18\src\traditional\proc\p18F25K80.asm
           CANCON_RO8bits   0x000e9f       data     extern C:\MCC18\src\traditional\proc\p18F25K80.asm
               CANCON_RO9   0x000e8f       data     extern C:\MCC18\src\traditional\proc\p18F25K80.asm
           CANCON_RO9bits   0x000e8f       data     extern C:\MCC18\src\traditional\proc\p18F25K80.asm
               CANCONbits   0x000f6f       data     extern C:\MCC18\src\traditional\proc\p18F25K80.asm
                  CANSTAT   0x000f6e       data     extern C:\MCC18\src\traditional\proc\p18F25K80.asm
              CANSTAT_RO0   0x000f3e       data     extern C:\MCC18\src\traditional\proc\p18F25K80.asm
          CANSTAT_RO0bits   0x000f3e       data     extern C:\MCC18\src\traditional\proc\p18F25K80.asm
              CANSTAT_RO1   0x000f2e       data     extern C:\MCC18\src\traditional\proc\p18F25K80.asm
          CANSTAT_RO1bits   0x000f2e       data     extern C:\MCC18\src\traditional\proc\p18F25K80.asm
              CANSTAT_RO2   0x000f1e       data     extern C:\MCC18\src\traditional\proc\p18F25K80.asm
          CANSTAT_RO2bits   0x000f1e       data     extern C:\MCC18\src\traditional\proc\p18F25K80.asm
              CANSTAT_RO3   0x000f0e       data     extern C:\MCC18\src\traditional\proc\p18F25K80.asm
          CANSTAT_RO3bits   0x000f0e       data     extern C:\MCC18\src\traditional\proc\p18F25K80.asm
              CANSTAT_RO4   0x000ede       data     extern C:\MCC18\src\traditional\proc\p18F25K80.asm
          CANSTAT_RO4bits   0x000ede       data     extern C:\MCC18\src\traditional\proc\p18F25K80.asm
              CANSTAT_RO5   0x000ece       data     extern C:\MCC18\src\traditional\proc\p18F25K80.asm
          CANSTAT_RO5bits   0x000ece       data     extern C:\MCC18\src\traditional\proc\p18F25K80.asm
              CANSTAT_RO6   0x000ebe       data     extern C:\MCC18\src\traditional\proc\p18F25K80.asm
          CANSTAT_RO6bits   0x000ebe       data     extern C:\MCC18\src\traditional\proc\p18F25K80.asm
              CANSTAT_RO7   0x000eae       data     extern C:\MCC18\src\traditional\proc\p18F25K80.asm
          CANSTAT_RO7bits   0x000eae       data     extern C:\MCC18\src\traditional\proc\p18F25K80.asm
              CANSTAT_RO8   0x000e9e       data     extern C:\MCC18\src\traditional\proc\p18F25K80.asm
          CANSTAT_RO8bits   0x000e9e       data     extern C:\MCC18\src\traditional\proc\p18F25K80.asm
              CANSTAT_RO9   0x000e8e       data     extern C:\MCC18\src\traditional\proc\p18F25K80.asm
          CANSTAT_RO9bits   0x000e8e       data     extern C:\MCC18\src\traditional\proc\p18F25K80.asm
              CANSTATbits   0x000f6e       data     extern C:\MCC18\src\traditional\proc\p18F25K80.asm
                  CCP1CON   0x000fbb       data     extern C:\MCC18\src\traditional\proc\p18F25K80.asm
              CCP1CONbits   0x000fbb       data     extern C:\MCC18\src\traditional\proc\p18F25K80.asm
                  CCP2CON   0x000f50       data     extern C:\MCC18\src\traditional\proc\p18F25K80.asm
              CCP2CONbits   0x000f50       data     extern C:\MCC18\src\traditional\proc\p18F25K80.asm
                  CCP3CON   0x000f4d       data     extern C:\MCC18\src\traditional\proc\p18F25K80.asm
              CCP3CONbits   0x000f4d       data     extern C:\MCC18\src\traditional\proc\p18F25K80.asm
                  CCP4CON   0x000f4a       data     extern C:\MCC18\src\traditional\proc\p18F25K80.asm
              CCP4CONbits   0x000f4a       data     extern C:\MCC18\src\traditional\proc\p18F25K80.asm
                  CCP5CON   0x000f47       data     extern C:\MCC18\src\traditional\proc\p18F25K80.asm
              CCP5CONbits   0x000f47       data     extern C:\MCC18\src\traditional\proc\p18F25K80.asm
                    CCPR1   0x000fbc       data     extern C:\MCC18\src\traditional\proc\p18F25K80.asm
                   CCPR1H   0x000fbd       data     extern C:\MCC18\src\traditional\proc\p18F25K80.asm
                   CCPR1L   0x000fbc       data     extern C:\MCC18\src\traditional\proc\p18F25K80.asm
                    CCPR2   0x000f51       data     extern C:\MCC18\src\traditional\proc\p18F25K80.asm
                   CCPR2H   0x000f52       data     extern C:\MCC18\src\traditional\proc\p18F25K80.asm
                   CCPR2L   0x000f51       data     extern C:\MCC18\src\traditional\proc\p18F25K80.asm
                    CCPR3   0x000f4e       data     extern C:\MCC18\src\traditional\proc\p18F25K80.asm
                   CCPR3H   0x000f4f       data     extern C:\MCC18\src\traditional\proc\p18F25K80.asm
                   CCPR3L   0x000f4e       data     extern C:\MCC18\src\traditional\proc\p18F25K80.asm
                    CCPR4   0x000f4b       data     extern C:\MCC18\src\traditional\proc\p18F25K80.asm
                   CCPR4H   0x000f4c       data     extern C:\MCC18\src\traditional\proc\p18F25K80.asm
                   CCPR4L   0x000f4b       data     extern C:\MCC18\src\traditional\proc\p18F25K80.asm
                    CCPR5   0x000f48       data     extern C:\MCC18\src\traditional\proc\p18F25K80.asm
                   CCPR5H   0x000f49       data     extern C:\MCC18\src\traditional\proc\p18F25K80.asm
                   CCPR5L   0x000f48       data     extern C:\MCC18\src\traditional\proc\p18F25K80.asm
                  CCPTMRS   0x000f99       data     extern C:\MCC18\src\traditional\proc\p18F25K80.asm
              CCPTMRSbits   0x000f99       data     extern C:\MCC18\src\traditional\proc\p18F25K80.asm
                   CIOCON   0x000f70       data     extern C:\MCC18\src\traditional\proc\p18F25K80.asm
               CIOCONbits   0x000f70       data     extern C:\MCC18\src\traditional\proc\p18F25K80.asm
                   CM1CON   0x000f5f       data     extern C:\MCC18\src\traditional\proc\p18F25K80.asm
                  CM1CON1   0x000f5f       data     extern C:\MCC18\src\traditional\proc\p18F25K80.asm
              CM1CON1bits   0x000f5f       data     extern C:\MCC18\src\traditional\proc\p18F25K80.asm
               CM1CONbits   0x000f5f       data     extern C:\MCC18\src\traditional\proc\p18F25K80.asm
                   CM2CON   0x000f5e       data     extern C:\MCC18\src\traditional\proc\p18F25K80.asm
                  CM2CON1   0x000f5e       data     extern C:\MCC18\src\traditional\proc\p18F25K80.asm
              CM2CON1bits   0x000f5e       data     extern C:\MCC18\src\traditional\proc\p18F25K80.asm
               CM2CONbits   0x000f5e       data     extern C:\MCC18\src\traditional\proc\p18F25K80.asm
                   CMSTAT   0x000fb4       data     extern C:\MCC18\src\traditional\proc\p18F25K80.asm
                 CMSTATUS   0x000fb4       data     extern C:\MCC18\src\traditional\proc\p18F25K80.asm
             CMSTATUSbits   0x000fb4       data     extern C:\MCC18\src\traditional\proc\p18F25K80.asm
               CMSTATbits   0x000fb4       data     extern C:\MCC18\src\traditional\proc\p18F25K80.asm
                  COMSTAT   0x000f71       data     extern C:\MCC18\src\traditional\proc\p18F25K80.asm
              COMSTATbits   0x000f71       data     extern C:\MCC18\src\traditional\proc\p18F25K80.asm
                 CTMUCONH   0x000f55       data     extern C:\MCC18\src\traditional\proc\p18F25K80.asm
             CTMUCONHbits   0x000f55       data     extern C:\MCC18\src\traditional\proc\p18F25K80.asm
                 CTMUCONL   0x000f54       data     extern C:\MCC18\src\traditional\proc\p18F25K80.asm
             CTMUCONLbits   0x000f54       data     extern C:\MCC18\src\traditional\proc\p18F25K80.asm
                 CTMUICON   0x000f53       data     extern C:\MCC18\src\traditional\proc\p18F25K80.asm
             CTMUICONbits   0x000f53       data     extern C:\MCC18\src\traditional\proc\p18F25K80.asm
                   CVRCON   0x000fb5       data     extern C:\MCC18\src\traditional\proc\p18F25K80.asm
               CVRCONbits   0x000fb5       data     extern C:\MCC18\src\traditional\proc\p18F25K80.asm
                  ECANCON   0x000f72       data     extern C:\MCC18\src\traditional\proc\p18F25K80.asm
              ECANCONbits   0x000f72       data     extern C:\MCC18\src\traditional\proc\p18F25K80.asm
                  ECCP1AS   0x000fbf       data     extern C:\MCC18\src\traditional\proc\p18F25K80.asm
              ECCP1ASbits   0x000fbf       data     extern C:\MCC18\src\traditional\proc\p18F25K80.asm
                 ECCP1CON   0x000fbb       data     extern C:\MCC18\src\traditional\proc\p18F25K80.asm
             ECCP1CONbits   0x000fbb       data     extern C:\MCC18\src\traditional\proc\p18F25K80.asm
                 ECCP1DEL   0x000fbe       data     extern C:\MCC18\src\traditional\proc\p18F25K80.asm
             ECCP1DELbits   0x000fbe       data     extern C:\MCC18\src\traditional\proc\p18F25K80.asm
                 ECCP2CON   0x000f50       data     extern C:\MCC18\src\traditional\proc\p18F25K80.asm
             ECCP2CONbits   0x000f50       data     extern C:\MCC18\src\traditional\proc\p18F25K80.asm
                    EEADR   0x000f74       data     extern C:\MCC18\src\traditional\proc\p18F25K80.asm
                   EEADRH   0x000f75       data     extern C:\MCC18\src\traditional\proc\p18F25K80.asm
                   EECON1   0x000f7f       data     extern C:\MCC18\src\traditional\proc\p18F25K80.asm
               EECON1bits   0x000f7f       data     extern C:\MCC18\src\traditional\proc\p18F25K80.asm
                   EECON2   0x000f7e       data     extern C:\MCC18\src\traditional\proc\p18F25K80.asm
                   EEDATA   0x000f73       data     extern C:\MCC18\src\traditional\proc\p18F25K80.asm
                     FSR0   0x000fe9       data     extern C:\MCC18\src\traditional\proc\p18F25K80.asm
                    FSR0H   0x000fea       data     extern C:\MCC18\src\traditional\proc\p18F25K80.asm
                FSR0Hbits   0x000fea       data     extern C:\MCC18\src\traditional\proc\p18F25K80.asm
                    FSR0L   0x000fe9       data     extern C:\MCC18\src\traditional\proc\p18F25K80.asm
                     FSR1   0x000fe1       data     extern C:\MCC18\src\traditional\proc\p18F25K80.asm
                    FSR1H   0x000fe2       data     extern C:\MCC18\src\traditional\proc\p18F25K80.asm
                FSR1Hbits   0x000fe2       data     extern C:\MCC18\src\traditional\proc\p18F25K80.asm
                    FSR1L   0x000fe1       data     extern C:\MCC18\src\traditional\proc\p18F25K80.asm
                     FSR2   0x000fd9       data     extern C:\MCC18\src\traditional\proc\p18F25K80.asm
                    FSR2H   0x000fda       data     extern C:\MCC18\src\traditional\proc\p18F25K80.asm
                FSR2Hbits   0x000fda       data     extern C:\MCC18\src\traditional\proc\p18F25K80.asm
                    FSR2L   0x000fd9       data     extern C:\MCC18\src\traditional\proc\p18F25K80.asm
                  HLVDCON   0x000fa8       data     extern C:\MCC18\src\traditional\proc\p18F25K80.asm
              HLVDCONbits   0x000fa8       data     extern C:\MCC18\src\traditional\proc\p18F25K80.asm
                    INDF0   0x000fef       data     extern C:\MCC18\src\traditional\proc\p18F25K80.asm
                    INDF1   0x000fe7       data     extern C:\MCC18\src\traditional\proc\p18F25K80.asm
                    INDF2   0x000fdf       data     extern C:\MCC18\src\traditional\proc\p18F25K80.asm
                   INTCON   0x000ff2       data     extern C:\MCC18\src\traditional\proc\p18F25K80.asm
                  INTCON1   0x000ff2       data     extern C:\MCC18\src\traditional\proc\p18F25K80.asm
              INTCON1bits   0x000ff2       data     extern C:\MCC18\src\traditional\proc\p18F25K80.asm
                  INTCON2   0x000ff1       data     extern C:\MCC18\src\traditional\proc\p18F25K80.asm
              INTCON2bits   0x000ff1       data     extern C:\MCC18\src\traditional\proc\p18F25K80.asm
                  INTCON3   0x000ff0       data     extern C:\MCC18\src\traditional\proc\p18F25K80.asm
              INTCON3bits   0x000ff0       data     extern C:\MCC18\src\traditional\proc\p18F25K80.asm
               INTCONbits   0x000ff2       data     extern C:\MCC18\src\traditional\proc\p18F25K80.asm
                     IOCB   0x000f5a       data     extern C:\MCC18\src\traditional\proc\p18F25K80.asm
                 IOCBbits   0x000f5a       data     extern C:\MCC18\src\traditional\proc\p18F25K80.asm
                     IPR1   0x000f9f       data     extern C:\MCC18\src\traditional\proc\p18F25K80.asm
                 IPR1bits   0x000f9f       data     extern C:\MCC18\src\traditional\proc\p18F25K80.asm
                     IPR2   0x000fa2       data     extern C:\MCC18\src\traditional\proc\p18F25K80.asm
                 IPR2bits   0x000fa2       data     extern C:\MCC18\src\traditional\proc\p18F25K80.asm
                     IPR3   0x000fa5       data     extern C:\MCC18\src\traditional\proc\p18F25K80.asm
                 IPR3bits   0x000fa5       data     extern C:\MCC18\src\traditional\proc\p18F25K80.asm
                     IPR4   0x000fb8       data     extern C:\MCC18\src\traditional\proc\p18F25K80.asm
                 IPR4bits   0x000fb8       data     extern C:\MCC18\src\traditional\proc\p18F25K80.asm
                     IPR5   0x000f78       data     extern C:\MCC18\src\traditional\proc\p18F25K80.asm
                 IPR5bits   0x000f78       data     extern C:\MCC18\src\traditional\proc\p18F25K80.asm
                     LATA   0x000f89       data     extern C:\MCC18\src\traditional\proc\p18F25K80.asm
                 LATAbits   0x000f89       data     extern C:\MCC18\src\traditional\proc\p18F25K80.asm
                     LATB   0x000f8a       data     extern C:\MCC18\src\traditional\proc\p18F25K80.asm
                 LATBbits   0x000f8a       data     extern C:\MCC18\src\traditional\proc\p18F25K80.asm
                     LATC   0x000f8b       data     extern C:\MCC18\src\traditional\proc\p18F25K80.asm
                 LATCbits   0x000f8b       data     extern C:\MCC18\src\traditional\proc\p18F25K80.asm
                    MSEL0   0x000e79       data     extern C:\MCC18\src\traditional\proc\p18F25K80.asm
                MSEL0bits   0x000e79       data     extern C:\MCC18\src\traditional\proc\p18F25K80.asm
                    MSEL1   0x000e7a       data     extern C:\MCC18\src\traditional\proc\p18F25K80.asm
                MSEL1bits   0x000e7a       data     extern C:\MCC18\src\traditional\proc\p18F25K80.asm
                    MSEL2   0x000e7b       data     extern C:\MCC18\src\traditional\proc\p18F25K80.asm
                MSEL2bits   0x000e7b       data     extern C:\MCC18\src\traditional\proc\p18F25K80.asm
                    MSEL3   0x000e7c       data     extern C:\MCC18\src\traditional\proc\p18F25K80.asm
                MSEL3bits   0x000e7c       data     extern C:\MCC18\src\traditional\proc\p18F25K80.asm
                    ODCON   0x000f91       data     extern C:\MCC18\src\traditional\proc\p18F25K80.asm
                ODCONbits   0x000f91       data     extern C:\MCC18\src\traditional\proc\p18F25K80.asm
                   OSCCON   0x000fd3       data     extern C:\MCC18\src\traditional\proc\p18F25K80.asm
                  OSCCON2   0x000fd2       data     extern C:\MCC18\src\traditional\proc\p18F25K80.asm
              OSCCON2bits   0x000fd2       data     extern C:\MCC18\src\traditional\proc\p18F25K80.asm
               OSCCONbits   0x000fd3       data     extern C:\MCC18\src\traditional\proc\p18F25K80.asm
                  OSCTUNE   0x000f9b       data     extern C:\MCC18\src\traditional\proc\p18F25K80.asm
              OSCTUNEbits   0x000f9b       data     extern C:\MCC18\src\traditional\proc\p18F25K80.asm
                  PADCFG1   0x000f56       data     extern C:\MCC18\src\traditional\proc\p18F25K80.asm
              PADCFG1bits   0x000f56       data     extern C:\MCC18\src\traditional\proc\p18F25K80.asm
                       PC   0x000ff9       data     extern C:\MCC18\src\traditional\proc\p18F25K80.asm
                      PCL   0x000ff9       data     extern C:\MCC18\src\traditional\proc\p18F25K80.asm
                   PCLATH   0x000ffa       data     extern C:\MCC18\src\traditional\proc\p18F25K80.asm
                   PCLATU   0x000ffb       data     extern C:\MCC18\src\traditional\proc\p18F25K80.asm
               PCLATUbits   0x000ffb       data     extern C:\MCC18\src\traditional\proc\p18F25K80.asm
                     PIE1   0x000f9d       data     extern C:\MCC18\src\traditional\proc\p18F25K80.asm
                 PIE1bits   0x000f9d       data     extern C:\MCC18\src\traditional\proc\p18F25K80.asm
                     PIE2   0x000fa0       data     extern C:\MCC18\src\traditional\proc\p18F25K80.asm
                 PIE2bits   0x000fa0       data     extern C:\MCC18\src\traditional\proc\p18F25K80.asm
                     PIE3   0x000fa3       data     extern C:\MCC18\src\traditional\proc\p18F25K80.asm
                 PIE3bits   0x000fa3       data     extern C:\MCC18\src\traditional\proc\p18F25K80.asm
                     PIE4   0x000fb6       data     extern C:\MCC18\src\traditional\proc\p18F25K80.asm
                 PIE4bits   0x000fb6       data     extern C:\MCC18\src\traditional\proc\p18F25K80.asm
                     PIE5   0x000f76       data     extern C:\MCC18\src\traditional\proc\p18F25K80.asm
                 PIE5bits   0x000f76       data     extern C:\MCC18\src\traditional\proc\p18F25K80.asm
                     PIR1   0x000f9e       data     extern C:\MCC18\src\traditional\proc\p18F25K80.asm
                 PIR1bits   0x000f9e       data     extern C:\MCC18\src\traditional\proc\p18F25K80.asm
                     PIR2   0x000fa1       data     extern C:\MCC18\src\traditional\proc\p18F25K80.asm
                 PIR2bits   0x000fa1       data     extern C:\MCC18\src\traditional\proc\p18F25K80.asm
                     PIR3   0x000fa4       data     extern C:\MCC18\src\traditional\proc\p18F25K80.asm
                 PIR3bits   0x000fa4       data     extern C:\MCC18\src\traditional\proc\p18F25K80.asm
                     PIR4   0x000fb7       data     extern C:\MCC18\src\traditional\proc\p18F25K80.asm
                 PIR4bits   0x000fb7       data     extern C:\MCC18\src\traditional\proc\p18F25K80.asm
                     PIR5   0x000f77       data     extern C:\MCC18\src\traditional\proc\p18F25K80.asm
                 PIR5bits   0x000f77       data     extern C:\MCC18\src\traditional\proc\p18F25K80.asm
                   PLUSW0   0x000feb       data     extern C:\MCC18\src\traditional\proc\p18F25K80.asm
                   PLUSW1   0x000fe3       data     extern C:\MCC18\src\traditional\proc\p18F25K80.asm
                   PLUSW2   0x000fdb       data     extern C:\MCC18\src\traditional\proc\p18F25K80.asm
                     PMD0   0x000f59       data     extern C:\MCC18\src\traditional\proc\p18F25K80.asm
                 PMD0bits   0x000f59       data     extern C:\MCC18\src\traditional\proc\p18F25K80.asm
                     PMD1   0x000f58       data     extern C:\MCC18\src\traditional\proc\p18F25K80.asm
                 PMD1bits   0x000f58       data     extern C:\MCC18\src\traditional\proc\p18F25K80.asm
                     PMD2   0x000f57       data     extern C:\MCC18\src\traditional\proc\p18F25K80.asm
                 PMD2bits   0x000f57       data     extern C:\MCC18\src\traditional\proc\p18F25K80.asm
                    PORTA   0x000f80       data     extern C:\MCC18\src\traditional\proc\p18F25K80.asm
                PORTAbits   0x000f80       data     extern C:\MCC18\src\traditional\proc\p18F25K80.asm
                    PORTB   0x000f81       data     extern C:\MCC18\src\traditional\proc\p18F25K80.asm
                PORTBbits   0x000f81       data     extern C:\MCC18\src\traditional\proc\p18F25K80.asm
                    PORTC   0x000f82       data     extern C:\MCC18\src\traditional\proc\p18F25K80.asm
                PORTCbits   0x000f82       data     extern C:\MCC18\src\traditional\proc\p18F25K80.asm
                    PORTE   0x000f84       data     extern C:\MCC18\src\traditional\proc\p18F25K80.asm
                PORTEbits   0x000f84       data     extern C:\MCC18\src\traditional\proc\p18F25K80.asm
                 POSTDEC0   0x000fed       data     extern C:\MCC18\src\traditional\proc\p18F25K80.asm
                 POSTDEC1   0x000fe5       data     extern C:\MCC18\src\traditional\proc\p18F25K80.asm
                 POSTDEC2   0x000fdd       data     extern C:\MCC18\src\traditional\proc\p18F25K80.asm
                 POSTINC0   0x000fee       data     extern C:\MCC18\src\traditional\proc\p18F25K80.asm
                 POSTINC1   0x000fe6       data     extern C:\MCC18\src\traditional\proc\p18F25K80.asm
                 POSTINC2   0x000fde       data     extern C:\MCC18\src\traditional\proc\p18F25K80.asm
                      PR2   0x000fcb       data     extern C:\MCC18\src\traditional\proc\p18F25K80.asm
                      PR4   0x000fa9       data     extern C:\MCC18\src\traditional\proc\p18F25K80.asm
                  PREINC0   0x000fec       data     extern C:\MCC18\src\traditional\proc\p18F25K80.asm
                  PREINC1   0x000fe4       data     extern C:\MCC18\src\traditional\proc\p18F25K80.asm
                  PREINC2   0x000fdc       data     extern C:\MCC18\src\traditional\proc\p18F25K80.asm
                     PROD   0x000ff3       data     extern C:\MCC18\src\traditional\proc\p18F25K80.asm
                    PRODH   0x000ff4       data     extern C:\MCC18\src\traditional\proc\p18F25K80.asm
                    PRODL   0x000ff3       data     extern C:\MCC18\src\traditional\proc\p18F25K80.asm
                 PSTR1CON   0x000f9c       data     extern C:\MCC18\src\traditional\proc\p18F25K80.asm
             PSTR1CONbits   0x000f9c       data     extern C:\MCC18\src\traditional\proc\p18F25K80.asm
                  PWM1CON   0x000fbe       data     extern C:\MCC18\src\traditional\proc\p18F25K80.asm
              PWM1CONbits   0x000fbe       data     extern C:\MCC18\src\traditional\proc\p18F25K80.asm
                     RCON   0x000fd0       data     extern C:\MCC18\src\traditional\proc\p18F25K80.asm
                 RCONbits   0x000fd0       data     extern C:\MCC18\src\traditional\proc\p18F25K80.asm
                    RCREG   0x000fae       data     extern C:\MCC18\src\traditional\proc\p18F25K80.asm
                   RCREG1   0x000fae       data     extern C:\MCC18\src\traditional\proc\p18F25K80.asm
                   RCREG2   0x000f7a       data     extern C:\MCC18\src\traditional\proc\p18F25K80.asm
                    RCSTA   0x000fab       data     extern C:\MCC18\src\traditional\proc\p18F25K80.asm
                   RCSTA1   0x000fab       data     extern C:\MCC18\src\traditional\proc\p18F25K80.asm
               RCSTA1bits   0x000fab       data     extern C:\MCC18\src\traditional\proc\p18F25K80.asm
                   RCSTA2   0x000fa6       data     extern C:\MCC18\src\traditional\proc\p18F25K80.asm
               RCSTA2bits   0x000fa6       data     extern C:\MCC18\src\traditional\proc\p18F25K80.asm
                RCSTAbits   0x000fab       data     extern C:\MCC18\src\traditional\proc\p18F25K80.asm
                  REFOCON   0x000f9a       data     extern C:\MCC18\src\traditional\proc\p18F25K80.asm
              REFOCONbits   0x000f9a       data     extern C:\MCC18\src\traditional\proc\p18F25K80.asm
                  RXB0CON   0x000f60       data     extern C:\MCC18\src\traditional\proc\p18F25K80.asm
              RXB0CONbits   0x000f60       data     extern C:\MCC18\src\traditional\proc\p18F25K80.asm
                   RXB0D0   0x000f66       data     extern C:\MCC18\src\traditional\proc\p18F25K80.asm
               RXB0D0bits   0x000f66       data     extern C:\MCC18\src\traditional\proc\p18F25K80.asm
                   RXB0D1   0x000f67       data     extern C:\MCC18\src\traditional\proc\p18F25K80.asm
               RXB0D1bits   0x000f67       data     extern C:\MCC18\src\traditional\proc\p18F25K80.asm
                   RXB0D2   0x000f68       data     extern C:\MCC18\src\traditional\proc\p18F25K80.asm
               RXB0D2bits   0x000f68       data     extern C:\MCC18\src\traditional\proc\p18F25K80.asm
                   RXB0D3   0x000f69       data     extern C:\MCC18\src\traditional\proc\p18F25K80.asm
               RXB0D3bits   0x000f69       data     extern C:\MCC18\src\traditional\proc\p18F25K80.asm
                   RXB0D4   0x000f6a       data     extern C:\MCC18\src\traditional\proc\p18F25K80.asm
               RXB0D4bits   0x000f6a       data     extern C:\MCC18\src\traditional\proc\p18F25K80.asm
                   RXB0D5   0x000f6b       data     extern C:\MCC18\src\traditional\proc\p18F25K80.asm
               RXB0D5bits   0x000f6b       data     extern C:\MCC18\src\traditional\proc\p18F25K80.asm
                   RXB0D6   0x000f6c       data     extern C:\MCC18\src\traditional\proc\p18F25K80.asm
               RXB0D6bits   0x000f6c       data     extern C:\MCC18\src\traditional\proc\p18F25K80.asm
                   RXB0D7   0x000f6d       data     extern C:\MCC18\src\traditional\proc\p18F25K80.asm
               RXB0D7bits   0x000f6d       data     extern C:\MCC18\src\traditional\proc\p18F25K80.asm
                  RXB0DLC   0x000f65       data     extern C:\MCC18\src\traditional\proc\p18F25K80.asm
              RXB0DLCbits   0x000f65       data     extern C:\MCC18\src\traditional\proc\p18F25K80.asm
                 RXB0EIDH   0x000f63       data     extern C:\MCC18\src\traditional\proc\p18F25K80.asm
             RXB0EIDHbits   0x000f63       data     extern C:\MCC18\src\traditional\proc\p18F25K80.asm
                 RXB0EIDL   0x000f64       data     extern C:\MCC18\src\traditional\proc\p18F25K80.asm
             RXB0EIDLbits   0x000f64       data     extern C:\MCC18\src\traditional\proc\p18F25K80.asm
                 RXB0SIDH   0x000f61       data     extern C:\MCC18\src\traditional\proc\p18F25K80.asm
             RXB0SIDHbits   0x000f61       data     extern C:\MCC18\src\traditional\proc\p18F25K80.asm
                 RXB0SIDL   0x000f62       data     extern C:\MCC18\src\traditional\proc\p18F25K80.asm
             RXB0SIDLbits   0x000f62       data     extern C:\MCC18\src\traditional\proc\p18F25K80.asm
                  RXB1CON   0x000f30       data     extern C:\MCC18\src\traditional\proc\p18F25K80.asm
              RXB1CONbits   0x000f30       data     extern C:\MCC18\src\traditional\proc\p18F25K80.asm
                   RXB1D0   0x000f36       data     extern C:\MCC18\src\traditional\proc\p18F25K80.asm
               RXB1D0bits   0x000f36       data     extern C:\MCC18\src\traditional\proc\p18F25K80.asm
                   RXB1D1   0x000f37       data     extern C:\MCC18\src\traditional\proc\p18F25K80.asm
               RXB1D1bits   0x000f37       data     extern C:\MCC18\src\traditional\proc\p18F25K80.asm
                   RXB1D2   0x000f38       data     extern C:\MCC18\src\traditional\proc\p18F25K80.asm
               RXB1D2bits   0x000f38       data     extern C:\MCC18\src\traditional\proc\p18F25K80.asm
                   RXB1D3   0x000f39       data     extern C:\MCC18\src\traditional\proc\p18F25K80.asm
               RXB1D3bits   0x000f39       data     extern C:\MCC18\src\traditional\proc\p18F25K80.asm
                   RXB1D4   0x000f3a       data     extern C:\MCC18\src\traditional\proc\p18F25K80.asm
               RXB1D4bits   0x000f3a       data     extern C:\MCC18\src\traditional\proc\p18F25K80.asm
                   RXB1D5   0x000f3b       data     extern C:\MCC18\src\traditional\proc\p18F25K80.asm
               RXB1D5bits   0x000f3b       data     extern C:\MCC18\src\traditional\proc\p18F25K80.asm
                   RXB1D6   0x000f3c       data     extern C:\MCC18\src\traditional\proc\p18F25K80.asm
               RXB1D6bits   0x000f3c       data     extern C:\MCC18\src\traditional\proc\p18F25K80.asm
                   RXB1D7   0x000f3d       data     extern C:\MCC18\src\traditional\proc\p18F25K80.asm
               RXB1D7bits   0x000f3d       data     extern C:\MCC18\src\traditional\proc\p18F25K80.asm
                  RXB1DLC   0x000f35       data     extern C:\MCC18\src\traditional\proc\p18F25K80.asm
              RXB1DLCbits   0x000f35       data     extern C:\MCC18\src\traditional\proc\p18F25K80.asm
                 RXB1EIDH   0x000f33       data     extern C:\MCC18\src\traditional\proc\p18F25K80.asm
             RXB1EIDHbits   0x000f33       data     extern C:\MCC18\src\traditional\proc\p18F25K80.asm
                 RXB1EIDL   0x000f34       data     extern C:\MCC18\src\traditional\proc\p18F25K80.asm
             RXB1EIDLbits   0x000f34       data     extern C:\MCC18\src\traditional\proc\p18F25K80.asm
                 RXB1SIDH   0x000f31       data     extern C:\MCC18\src\traditional\proc\p18F25K80.asm
             RXB1SIDHbits   0x000f31       data     extern C:\MCC18\src\traditional\proc\p18F25K80.asm
                 RXB1SIDL   0x000f32       data     extern C:\MCC18\src\traditional\proc\p18F25K80.asm
             RXB1SIDLbits   0x000f32       data     extern C:\MCC18\src\traditional\proc\p18F25K80.asm
                 RXERRCNT   0x000e41       data     extern C:\MCC18\src\traditional\proc\p18F25K80.asm
             RXERRCNTbits   0x000e41       data     extern C:\MCC18\src\traditional\proc\p18F25K80.asm
                 RXF0EIDH   0x000ee2       data     extern C:\MCC18\src\traditional\proc\p18F25K80.asm
             RXF0EIDHbits   0x000ee2       data     extern C:\MCC18\src\traditional\proc\p18F25K80.asm
                 RXF0EIDL   0x000ee3       data     extern C:\MCC18\src\traditional\proc\p18F25K80.asm
             RXF0EIDLbits   0x000ee3       data     extern C:\MCC18\src\traditional\proc\p18F25K80.asm
                 RXF0SIDH   0x000ee0       data     extern C:\MCC18\src\traditional\proc\p18F25K80.asm
             RXF0SIDHbits   0x000ee0       data     extern C:\MCC18\src\traditional\proc\p18F25K80.asm
                 RXF0SIDL   0x000ee1       data     extern C:\MCC18\src\traditional\proc\p18F25K80.asm
             RXF0SIDLbits   0x000ee1       data     extern C:\MCC18\src\traditional\proc\p18F25K80.asm
                RXF10EIDH   0x000e5a       data     extern C:\MCC18\src\traditional\proc\p18F25K80.asm
            RXF10EIDHbits   0x000e5a       data     extern C:\MCC18\src\traditional\proc\p18F25K80.asm
                RXF10EIDL   0x000e5b       data     extern C:\MCC18\src\traditional\proc\p18F25K80.asm
            RXF10EIDLbits   0x000e5b       data     extern C:\MCC18\src\traditional\proc\p18F25K80.asm
                RXF10SIDH   0x000e58       data     extern C:\MCC18\src\traditional\proc\p18F25K80.asm
            RXF10SIDHbits   0x000e58       data     extern C:\MCC18\src\traditional\proc\p18F25K80.asm
                RXF10SIDL   0x000e59       data     extern C:\MCC18\src\traditional\proc\p18F25K80.asm
            RXF10SIDLbits   0x000e59       data     extern C:\MCC18\src\traditional\proc\p18F25K80.asm
                RXF11EIDH   0x000e5e       data     extern C:\MCC18\src\traditional\proc\p18F25K80.asm
            RXF11EIDHbits   0x000e5e       data     extern C:\MCC18\src\traditional\proc\p18F25K80.asm
                RXF11EIDL   0x000e5f       data     extern C:\MCC18\src\traditional\proc\p18F25K80.asm
            RXF11EIDLbits   0x000e5f       data     extern C:\MCC18\src\traditional\proc\p18F25K80.asm
                RXF11SIDH   0x000e5c       data     extern C:\MCC18\src\traditional\proc\p18F25K80.asm
            RXF11SIDHbits   0x000e5c       data     extern C:\MCC18\src\traditional\proc\p18F25K80.asm
                RXF11SIDL   0x000e5d       data     extern C:\MCC18\src\traditional\proc\p18F25K80.asm
            RXF11SIDLbits   0x000e5d       data     extern C:\MCC18\src\traditional\proc\p18F25K80.asm
                RXF12EIDH   0x000e62       data     extern C:\MCC18\src\traditional\proc\p18F25K80.asm
            RXF12EIDHbits   0x000e62       data     extern C:\MCC18\src\traditional\proc\p18F25K80.asm
                RXF12EIDL   0x000e63       data     extern C:\MCC18\src\traditional\proc\p18F25K80.asm
            RXF12EIDLbits   0x000e63       data     extern C:\MCC18\src\traditional\proc\p18F25K80.asm
                RXF12SIDH   0x000e60       data     extern C:\MCC18\src\traditional\proc\p18F25K80.asm
            RXF12SIDHbits   0x000e60       data     extern C:\MCC18\src\traditional\proc\p18F25K80.asm
                RXF12SIDL   0x000e61       data     extern C:\MCC18\src\traditional\proc\p18F25K80.asm
            RXF12SIDLbits   0x000e61       data     extern C:\MCC18\src\traditional\proc\p18F25K80.asm
                RXF13EIDH   0x000e66       data     extern C:\MCC18\src\traditional\proc\p18F25K80.asm
            RXF13EIDHbits   0x000e66       data     extern C:\MCC18\src\traditional\proc\p18F25K80.asm
                RXF13EIDL   0x000e67       data     extern C:\MCC18\src\traditional\proc\p18F25K80.asm
            RXF13EIDLbits   0x000e67       data     extern C:\MCC18\src\traditional\proc\p18F25K80.asm
                RXF13SIDH   0x000e64       data     extern C:\MCC18\src\traditional\proc\p18F25K80.asm
            RXF13SIDHbits   0x000e64       data     extern C:\MCC18\src\traditional\proc\p18F25K80.asm
                RXF13SIDL   0x000e65       data     extern C:\MCC18\src\traditional\proc\p18F25K80.asm
            RXF13SIDLbits   0x000e65       data     extern C:\MCC18\src\traditional\proc\p18F25K80.asm
                RXF14EIDH   0x000e6a       data     extern C:\MCC18\src\traditional\proc\p18F25K80.asm
            RXF14EIDHbits   0x000e6a       data     extern C:\MCC18\src\traditional\proc\p18F25K80.asm
                RXF14EIDL   0x000e6b       data     extern C:\MCC18\src\traditional\proc\p18F25K80.asm
            RXF14EIDLbits   0x000e6b       data     extern C:\MCC18\src\traditional\proc\p18F25K80.asm
                RXF14SIDH   0x000e68       data     extern C:\MCC18\src\traditional\proc\p18F25K80.asm
            RXF14SIDHbits   0x000e68       data     extern C:\MCC18\src\traditional\proc\p18F25K80.asm
                RXF14SIDL   0x000e69       data     extern C:\MCC18\src\traditional\proc\p18F25K80.asm
            RXF14SIDLbits   0x000e69       data     extern C:\MCC18\src\traditional\proc\p18F25K80.asm
                RXF15EIDH   0x000e6e       data     extern C:\MCC18\src\traditional\proc\p18F25K80.asm
            RXF15EIDHbits   0x000e6e       data     extern C:\MCC18\src\traditional\proc\p18F25K80.asm
                RXF15EIDL   0x000e6f       data     extern C:\MCC18\src\traditional\proc\p18F25K80.asm
            RXF15EIDLbits   0x000e6f       data     extern C:\MCC18\src\traditional\proc\p18F25K80.asm
                RXF15SIDH   0x000e6c       data     extern C:\MCC18\src\traditional\proc\p18F25K80.asm
            RXF15SIDHbits   0x000e6c       data     extern C:\MCC18\src\traditional\proc\p18F25K80.asm
                RXF15SIDL   0x000e6d       data     extern C:\MCC18\src\traditional\proc\p18F25K80.asm
            RXF15SIDLbits   0x000e6d       data     extern C:\MCC18\src\traditional\proc\p18F25K80.asm
                 RXF1EIDH   0x000ee6       data     extern C:\MCC18\src\traditional\proc\p18F25K80.asm
             RXF1EIDHbits   0x000ee6       data     extern C:\MCC18\src\traditional\proc\p18F25K80.asm
                 RXF1EIDL   0x000ee7       data     extern C:\MCC18\src\traditional\proc\p18F25K80.asm
             RXF1EIDLbits   0x000ee7       data     extern C:\MCC18\src\traditional\proc\p18F25K80.asm
                 RXF1SIDH   0x000ee4       data     extern C:\MCC18\src\traditional\proc\p18F25K80.asm
             RXF1SIDHbits   0x000ee4       data     extern C:\MCC18\src\traditional\proc\p18F25K80.asm
                 RXF1SIDL   0x000ee5       data     extern C:\MCC18\src\traditional\proc\p18F25K80.asm
             RXF1SIDLbits   0x000ee5       data     extern C:\MCC18\src\traditional\proc\p18F25K80.asm
                 RXF2EIDH   0x000eea       data     extern C:\MCC18\src\traditional\proc\p18F25K80.asm
             RXF2EIDHbits   0x000eea       data     extern C:\MCC18\src\traditional\proc\p18F25K80.asm
                 RXF2EIDL   0x000eeb       data     extern C:\MCC18\src\traditional\proc\p18F25K80.asm
             RXF2EIDLbits   0x000eeb       data     extern C:\MCC18\src\traditional\proc\p18F25K80.asm
                 RXF2SIDH   0x000ee8       data     extern C:\MCC18\src\traditional\proc\p18F25K80.asm
             RXF2SIDHbits   0x000ee8       data     extern C:\MCC18\src\traditional\proc\p18F25K80.asm
                 RXF2SIDL   0x000ee9       data     extern C:\MCC18\src\traditional\proc\p18F25K80.asm
             RXF2SIDLbits   0x000ee9       data     extern C:\MCC18\src\traditional\proc\p18F25K80.asm
                 RXF3EIDH   0x000eee       data     extern C:\MCC18\src\traditional\proc\p18F25K80.asm
             RXF3EIDHbits   0x000eee       data     extern C:\MCC18\src\traditional\proc\p18F25K80.asm
                 RXF3EIDL   0x000eef       data     extern C:\MCC18\src\traditional\proc\p18F25K80.asm
             RXF3EIDLbits   0x000eef       data     extern C:\MCC18\src\traditional\proc\p18F25K80.asm
                 RXF3SIDH   0x000eec       data     extern C:\MCC18\src\traditional\proc\p18F25K80.asm
             RXF3SIDHbits   0x000eec       data     extern C:\MCC18\src\traditional\proc\p18F25K80.asm
                 RXF3SIDL   0x000eed       data     extern C:\MCC18\src\traditional\proc\p18F25K80.asm
             RXF3SIDLbits   0x000eed       data     extern C:\MCC18\src\traditional\proc\p18F25K80.asm
                 RXF4EIDH   0x000ef2       data     extern C:\MCC18\src\traditional\proc\p18F25K80.asm
             RXF4EIDHbits   0x000ef2       data     extern C:\MCC18\src\traditional\proc\p18F25K80.asm
                 RXF4EIDL   0x000ef3       data     extern C:\MCC18\src\traditional\proc\p18F25K80.asm
             RXF4EIDLbits   0x000ef3       data     extern C:\MCC18\src\traditional\proc\p18F25K80.asm
                 RXF4SIDH   0x000ef0       data     extern C:\MCC18\src\traditional\proc\p18F25K80.asm
             RXF4SIDHbits   0x000ef0       data     extern C:\MCC18\src\traditional\proc\p18F25K80.asm
                 RXF4SIDL   0x000ef1       data     extern C:\MCC18\src\traditional\proc\p18F25K80.asm
             RXF4SIDLbits   0x000ef1       data     extern C:\MCC18\src\traditional\proc\p18F25K80.asm
                 RXF5EIDH   0x000ef6       data     extern C:\MCC18\src\traditional\proc\p18F25K80.asm
             RXF5EIDHbits   0x000ef6       data     extern C:\MCC18\src\traditional\proc\p18F25K80.asm
                 RXF5EIDL   0x000ef7       data     extern C:\MCC18\src\traditional\proc\p18F25K80.asm
             RXF5EIDLbits   0x000ef7       data     extern C:\MCC18\src\traditional\proc\p18F25K80.asm
                 RXF5SIDH   0x000ef4       data     extern C:\MCC18\src\traditional\proc\p18F25K80.asm
             RXF5SIDHbits   0x000ef4       data     extern C:\MCC18\src\traditional\proc\p18F25K80.asm
                 RXF5SIDL   0x000ef5       data     extern C:\MCC18\src\traditional\proc\p18F25K80.asm
             RXF5SIDLbits   0x000ef5       data     extern C:\MCC18\src\traditional\proc\p18F25K80.asm
                 RXF6EIDH   0x000e4a       data     extern C:\MCC18\src\traditional\proc\p18F25K80.asm
             RXF6EIDHbits   0x000e4a       data     extern C:\MCC18\src\traditional\proc\p18F25K80.asm
                 RXF6EIDL   0x000e4b       data     extern C:\MCC18\src\traditional\proc\p18F25K80.asm
             RXF6EIDLbits   0x000e4b       data     extern C:\MCC18\src\traditional\proc\p18F25K80.asm
                 RXF6SIDH   0x000e48       data     extern C:\MCC18\src\traditional\proc\p18F25K80.asm
             RXF6SIDHbits   0x000e48       data     extern C:\MCC18\src\traditional\proc\p18F25K80.asm
                 RXF6SIDL   0x000e49       data     extern C:\MCC18\src\traditional\proc\p18F25K80.asm
             RXF6SIDLbits   0x000e49       data     extern C:\MCC18\src\traditional\proc\p18F25K80.asm
                 RXF7EIDH   0x000e4e       data     extern C:\MCC18\src\traditional\proc\p18F25K80.asm
             RXF7EIDHbits   0x000e4e       data     extern C:\MCC18\src\traditional\proc\p18F25K80.asm
                 RXF7EIDL   0x000e4f       data     extern C:\MCC18\src\traditional\proc\p18F25K80.asm
             RXF7EIDLbits   0x000e4f       data     extern C:\MCC18\src\traditional\proc\p18F25K80.asm
                 RXF7SIDH   0x000e4c       data     extern C:\MCC18\src\traditional\proc\p18F25K80.asm
             RXF7SIDHbits   0x000e4c       data     extern C:\MCC18\src\traditional\proc\p18F25K80.asm
                 RXF7SIDL   0x000e4d       data     extern C:\MCC18\src\traditional\proc\p18F25K80.asm
             RXF7SIDLbits   0x000e4d       data     extern C:\MCC18\src\traditional\proc\p18F25K80.asm
                 RXF8EIDH   0x000e52       data     extern C:\MCC18\src\traditional\proc\p18F25K80.asm
             RXF8EIDHbits   0x000e52       data     extern C:\MCC18\src\traditional\proc\p18F25K80.asm
                 RXF8EIDL   0x000e53       data     extern C:\MCC18\src\traditional\proc\p18F25K80.asm
             RXF8EIDLbits   0x000e53       data     extern C:\MCC18\src\traditional\proc\p18F25K80.asm
                 RXF8SIDH   0x000e50       data     extern C:\MCC18\src\traditional\proc\p18F25K80.asm
             RXF8SIDHbits   0x000e50       data     extern C:\MCC18\src\traditional\proc\p18F25K80.asm
                 RXF8SIDL   0x000e51       data     extern C:\MCC18\src\traditional\proc\p18F25K80.asm
             RXF8SIDLbits   0x000e51       data     extern C:\MCC18\src\traditional\proc\p18F25K80.asm
                 RXF9EIDH   0x000e56       data     extern C:\MCC18\src\traditional\proc\p18F25K80.asm
             RXF9EIDHbits   0x000e56       data     extern C:\MCC18\src\traditional\proc\p18F25K80.asm
                 RXF9EIDL   0x000e57       data     extern C:\MCC18\src\traditional\proc\p18F25K80.asm
             RXF9EIDLbits   0x000e57       data     extern C:\MCC18\src\traditional\proc\p18F25K80.asm
                 RXF9SIDH   0x000e54       data     extern C:\MCC18\src\traditional\proc\p18F25K80.asm
             RXF9SIDHbits   0x000e54       data     extern C:\MCC18\src\traditional\proc\p18F25K80.asm
                 RXF9SIDL   0x000e55       data     extern C:\MCC18\src\traditional\proc\p18F25K80.asm
             RXF9SIDLbits   0x000e55       data     extern C:\MCC18\src\traditional\proc\p18F25K80.asm
                 RXFBCON0   0x000e71       data     extern C:\MCC18\src\traditional\proc\p18F25K80.asm
             RXFBCON0bits   0x000e71       data     extern C:\MCC18\src\traditional\proc\p18F25K80.asm
                 RXFBCON1   0x000e72       data     extern C:\MCC18\src\traditional\proc\p18F25K80.asm
             RXFBCON1bits   0x000e72       data     extern C:\MCC18\src\traditional\proc\p18F25K80.asm
                 RXFBCON2   0x000e73       data     extern C:\MCC18\src\traditional\proc\p18F25K80.asm
             RXFBCON2bits   0x000e73       data     extern C:\MCC18\src\traditional\proc\p18F25K80.asm
                 RXFBCON3   0x000e74       data     extern C:\MCC18\src\traditional\proc\p18F25K80.asm
             RXFBCON3bits   0x000e74       data     extern C:\MCC18\src\traditional\proc\p18F25K80.asm
                 RXFBCON4   0x000e75       data     extern C:\MCC18\src\traditional\proc\p18F25K80.asm
             RXFBCON4bits   0x000e75       data     extern C:\MCC18\src\traditional\proc\p18F25K80.asm
                 RXFBCON5   0x000e76       data     extern C:\MCC18\src\traditional\proc\p18F25K80.asm
             RXFBCON5bits   0x000e76       data     extern C:\MCC18\src\traditional\proc\p18F25K80.asm
                 RXFBCON6   0x000e77       data     extern C:\MCC18\src\traditional\proc\p18F25K80.asm
             RXFBCON6bits   0x000e77       data     extern C:\MCC18\src\traditional\proc\p18F25K80.asm
                 RXFBCON7   0x000e78       data     extern C:\MCC18\src\traditional\proc\p18F25K80.asm
             RXFBCON7bits   0x000e78       data     extern C:\MCC18\src\traditional\proc\p18F25K80.asm
                  RXFCON0   0x000e46       data     extern C:\MCC18\src\traditional\proc\p18F25K80.asm
              RXFCON0bits   0x000e46       data     extern C:\MCC18\src\traditional\proc\p18F25K80.asm
                  RXFCON1   0x000e47       data     extern C:\MCC18\src\traditional\proc\p18F25K80.asm
              RXFCON1bits   0x000e47       data     extern C:\MCC18\src\traditional\proc\p18F25K80.asm
                 RXM0EIDH   0x000efa       data     extern C:\MCC18\src\traditional\proc\p18F25K80.asm
             RXM0EIDHbits   0x000efa       data     extern C:\MCC18\src\traditional\proc\p18F25K80.asm
                 RXM0EIDL   0x000efb       data     extern C:\MCC18\src\traditional\proc\p18F25K80.asm
             RXM0EIDLbits   0x000efb       data     extern C:\MCC18\src\traditional\proc\p18F25K80.asm
                 RXM0SIDH   0x000ef8       data     extern C:\MCC18\src\traditional\proc\p18F25K80.asm
             RXM0SIDHbits   0x000ef8       data     extern C:\MCC18\src\traditional\proc\p18F25K80.asm
                 RXM0SIDL   0x000ef9       data     extern C:\MCC18\src\traditional\proc\p18F25K80.asm
             RXM0SIDLbits   0x000ef9       data     extern C:\MCC18\src\traditional\proc\p18F25K80.asm
                 RXM1EIDH   0x000efe       data     extern C:\MCC18\src\traditional\proc\p18F25K80.asm
             RXM1EIDHbits   0x000efe       data     extern C:\MCC18\src\traditional\proc\p18F25K80.asm
                 RXM1EIDL   0x000eff       data     extern C:\MCC18\src\traditional\proc\p18F25K80.asm
             RXM1EIDLbits   0x000eff       data     extern C:\MCC18\src\traditional\proc\p18F25K80.asm
                 RXM1SIDH   0x000efc       data     extern C:\MCC18\src\traditional\proc\p18F25K80.asm
             RXM1SIDHbits   0x000efc       data     extern C:\MCC18\src\traditional\proc\p18F25K80.asm
                 RXM1SIDL   0x000efd       data     extern C:\MCC18\src\traditional\proc\p18F25K80.asm
             RXM1SIDLbits   0x000efd       data     extern C:\MCC18\src\traditional\proc\p18F25K80.asm
                    SDFLC   0x000e70       data     extern C:\MCC18\src\traditional\proc\p18F25K80.asm
                SDFLCbits   0x000e70       data     extern C:\MCC18\src\traditional\proc\p18F25K80.asm
                     SIGN   0x000000       data     extern C:\MCC18\src\traditional\math\cmath18.asm
                   SLRCON   0x000f90       data     extern C:\MCC18\src\traditional\proc\p18F25K80.asm
               SLRCONbits   0x000f90       data     extern C:\MCC18\src\traditional\proc\p18F25K80.asm
                    SPBRG   0x000faf       data     extern C:\MCC18\src\traditional\proc\p18F25K80.asm
                   SPBRG1   0x000faf       data     extern C:\MCC18\src\traditional\proc\p18F25K80.asm
                   SPBRG2   0x000f7b       data     extern C:\MCC18\src\traditional\proc\p18F25K80.asm
                  SPBRGH1   0x000f7d       data     extern C:\MCC18\src\traditional\proc\p18F25K80.asm
                  SPBRGH2   0x000f7c       data     extern C:\MCC18\src\traditional\proc\p18F25K80.asm
                   SSPADD   0x000fc8       data     extern C:\MCC18\src\traditional\proc\p18F25K80.asm
               SSPADDbits   0x000fc8       data     extern C:\MCC18\src\traditional\proc\p18F25K80.asm
                   SSPBUF   0x000fc9       data     extern C:\MCC18\src\traditional\proc\p18F25K80.asm
                  SSPCON1   0x000fc6       data     extern C:\MCC18\src\traditional\proc\p18F25K80.asm
              SSPCON1bits   0x000fc6       data     extern C:\MCC18\src\traditional\proc\p18F25K80.asm
                  SSPCON2   0x000fc5       data     extern C:\MCC18\src\traditional\proc\p18F25K80.asm
              SSPCON2bits   0x000fc5       data     extern C:\MCC18\src\traditional\proc\p18F25K80.asm
                  SSPSTAT   0x000fc7       data     extern C:\MCC18\src\traditional\proc\p18F25K80.asm
              SSPSTATbits   0x000fc7       data     extern C:\MCC18\src\traditional\proc\p18F25K80.asm
                   STATUS   0x000fd8       data     extern C:\MCC18\src\traditional\proc\p18F25K80.asm
               STATUSbits   0x000fd8       data     extern C:\MCC18\src\traditional\proc\p18F25K80.asm
                   STKPTR   0x000ffc       data     extern C:\MCC18\src\traditional\proc\p18F25K80.asm
               STKPTRbits   0x000ffc       data     extern C:\MCC18\src\traditional\proc\p18F25K80.asm
                    T0CON   0x000fd5       data     extern C:\MCC18\src\traditional\proc\p18F25K80.asm
                T0CONbits   0x000fd5       data     extern C:\MCC18\src\traditional\proc\p18F25K80.asm
                    T1CON   0x000fcd       data     extern C:\MCC18\src\traditional\proc\p18F25K80.asm
                T1CONbits   0x000fcd       data     extern C:\MCC18\src\traditional\proc\p18F25K80.asm
                   T1GCON   0x000faa       data     extern C:\MCC18\src\traditional\proc\p18F25K80.asm
               T1GCONbits   0x000faa       data     extern C:\MCC18\src\traditional\proc\p18F25K80.asm
                    T2CON   0x000fca       data     extern C:\MCC18\src\traditional\proc\p18F25K80.asm
                T2CONbits   0x000fca       data     extern C:\MCC18\src\traditional\proc\p18F25K80.asm
                    T3CON   0x000fb1       data     extern C:\MCC18\src\traditional\proc\p18F25K80.asm
                T3CONbits   0x000fb1       data     extern C:\MCC18\src\traditional\proc\p18F25K80.asm
                   T3GCON   0x000fb0       data     extern C:\MCC18\src\traditional\proc\p18F25K80.asm
               T3GCONbits   0x000fb0       data     extern C:\MCC18\src\traditional\proc\p18F25K80.asm
                    T4CON   0x000f88       data     extern C:\MCC18\src\traditional\proc\p18F25K80.asm
                T4CONbits   0x000f88       data     extern C:\MCC18\src\traditional\proc\p18F25K80.asm
                   TABLAT   0x000ff5       data     extern C:\MCC18\src\traditional\proc\p18F25K80.asm
                   TBLPTR   0x000ff6       data     extern C:\MCC18\src\traditional\proc\p18F25K80.asm
                  TBLPTRH   0x000ff7       data     extern C:\MCC18\src\traditional\proc\p18F25K80.asm
                  TBLPTRL   0x000ff6       data     extern C:\MCC18\src\traditional\proc\p18F25K80.asm
                  TBLPTRU   0x000ff8       data     extern C:\MCC18\src\traditional\proc\p18F25K80.asm
              TBLPTRUbits   0x000ff8       data     extern C:\MCC18\src\traditional\proc\p18F25K80.asm
                    TMR0H   0x000fd7       data     extern C:\MCC18\src\traditional\proc\p18F25K80.asm
                    TMR0L   0x000fd6       data     extern C:\MCC18\src\traditional\proc\p18F25K80.asm
                    TMR1H   0x000fcf       data     extern C:\MCC18\src\traditional\proc\p18F25K80.asm
                    TMR1L   0x000fce       data     extern C:\MCC18\src\traditional\proc\p18F25K80.asm
                     TMR2   0x000fcc       data     extern C:\MCC18\src\traditional\proc\p18F25K80.asm
                    TMR3H   0x000fb3       data     extern C:\MCC18\src\traditional\proc\p18F25K80.asm
                    TMR3L   0x000fb2       data     extern C:\MCC18\src\traditional\proc\p18F25K80.asm
                     TMR4   0x000f87       data     extern C:\MCC18\src\traditional\proc\p18F25K80.asm
                      TOS   0x000ffd       data     extern C:\MCC18\src\traditional\proc\p18F25K80.asm
                     TOSH   0x000ffe       data     extern C:\MCC18\src\traditional\proc\p18F25K80.asm
                     TOSL   0x000ffd       data     extern C:\MCC18\src\traditional\proc\p18F25K80.asm
                     TOSU   0x000fff       data     extern C:\MCC18\src\traditional\proc\p18F25K80.asm
                 TOSUbits   0x000fff       data     extern C:\MCC18\src\traditional\proc\p18F25K80.asm
                    TRISA   0x000f92       data     extern C:\MCC18\src\traditional\proc\p18F25K80.asm
                TRISAbits   0x000f92       data     extern C:\MCC18\src\traditional\proc\p18F25K80.asm
                    TRISB   0x000f93       data     extern C:\MCC18\src\traditional\proc\p18F25K80.asm
                TRISBbits   0x000f93       data     extern C:\MCC18\src\traditional\proc\p18F25K80.asm
                    TRISC   0x000f94       data     extern C:\MCC18\src\traditional\proc\p18F25K80.asm
                TRISCbits   0x000f94       data     extern C:\MCC18\src\traditional\proc\p18F25K80.asm
                  TXB0CON   0x000f20       data     extern C:\MCC18\src\traditional\proc\p18F25K80.asm
              TXB0CONbits   0x000f20       data     extern C:\MCC18\src\traditional\proc\p18F25K80.asm
                   TXB0D0   0x000f26       data     extern C:\MCC18\src\traditional\proc\p18F25K80.asm
               TXB0D0bits   0x000f26       data     extern C:\MCC18\src\traditional\proc\p18F25K80.asm
                   TXB0D1   0x000f27       data     extern C:\MCC18\src\traditional\proc\p18F25K80.asm
               TXB0D1bits   0x000f27       data     extern C:\MCC18\src\traditional\proc\p18F25K80.asm
[...]
                     LATC   0x000f8b       data     extern C:\MCC18\src\traditional\proc\p18F25K80.asm
               SLRCONbits   0x000f90       data     extern C:\MCC18\src\traditional\proc\p18F25K80.asm
                   SLRCON   0x000f90       data     extern C:\MCC18\src\traditional\proc\p18F25K80.asm
                    ODCON   0x000f91       data     extern C:\MCC18\src\traditional\proc\p18F25K80.asm
                ODCONbits   0x000f91       data     extern C:\MCC18\src\traditional\proc\p18F25K80.asm
                TRISAbits   0x000f92       data     extern C:\MCC18\src\traditional\proc\p18F25K80.asm
                    TRISA   0x000f92       data     extern C:\MCC18\src\traditional\proc\p18F25K80.asm
                    TRISB   0x000f93       data     extern C:\MCC18\src\traditional\proc\p18F25K80.asm
                TRISBbits   0x000f93       data     extern C:\MCC18\src\traditional\proc\p18F25K80.asm
                    TRISC   0x000f94       data     extern C:\MCC18\src\traditional\proc\p18F25K80.asm
                TRISCbits   0x000f94       data     extern C:\MCC18\src\traditional\proc\p18F25K80.asm
                  CCPTMRS   0x000f99       data     extern C:\MCC18\src\traditional\proc\p18F25K80.asm
              CCPTMRSbits   0x000f99       data     extern C:\MCC18\src\traditional\proc\p18F25K80.asm
              REFOCONbits   0x000f9a       data     extern C:\MCC18\src\traditional\proc\p18F25K80.asm
                  REFOCON   0x000f9a       data     extern C:\MCC18\src\traditional\proc\p18F25K80.asm
              OSCTUNEbits   0x000f9b       data     extern C:\MCC18\src\traditional\proc\p18F25K80.asm
                  OSCTUNE   0x000f9b       data     extern C:\MCC18\src\traditional\proc\p18F25K80.asm
             PSTR1CONbits   0x000f9c       data     extern C:\MCC18\src\traditional\proc\p18F25K80.asm
                 PSTR1CON   0x000f9c       data     extern C:\MCC18\src\traditional\proc\p18F25K80.asm
                 PIE1bits   0x000f9d       data     extern C:\MCC18\src\traditional\proc\p18F25K80.asm
                     PIE1   0x000f9d       data     extern C:\MCC18\src\traditional\proc\p18F25K80.asm
                     PIR1   0x000f9e       data     extern C:\MCC18\src\traditional\proc\p18F25K80.asm
                 PIR1bits   0x000f9e       data     extern C:\MCC18\src\traditional\proc\p18F25K80.asm
                     IPR1   0x000f9f       data     extern C:\MCC18\src\traditional\proc\p18F25K80.asm
                 IPR1bits   0x000f9f       data     extern C:\MCC18\src\traditional\proc\p18F25K80.asm
                     PIE2   0x000fa0       data     extern C:\MCC18\src\traditional\proc\p18F25K80.asm
                 PIE2bits   0x000fa0       data     extern C:\MCC18\src\traditional\proc\p18F25K80.asm
                     PIR2   0x000fa1       data     extern C:\MCC18\src\traditional\proc\p18F25K80.asm
                 PIR2bits   0x000fa1       data     extern C:\MCC18\src\traditional\proc\p18F25K80.asm
                     IPR2   0x000fa2       data     extern C:\MCC18\src\traditional\proc\p18F25K80.asm
                 IPR2bits   0x000fa2       data     extern C:\MCC18\src\traditional\proc\p18F25K80.asm
                     PIE3   0x000fa3       data     extern C:\MCC18\src\traditional\proc\p18F25K80.asm
                 PIE3bits   0x000fa3       data     extern C:\MCC18\src\traditional\proc\p18F25K80.asm
                 PIR3bits   0x000fa4       data     extern C:\MCC18\src\traditional\proc\p18F25K80.asm
                     PIR3   0x000fa4       data     extern C:\MCC18\src\traditional\proc\p18F25K80.asm
                 IPR3bits   0x000fa5       data     extern C:\MCC18\src\traditional\proc\p18F25K80.asm
                     IPR3   0x000fa5       data     extern C:\MCC18\src\traditional\proc\p18F25K80.asm
                   RCSTA2   0x000fa6       data     extern C:\MCC18\src\traditional\proc\p18F25K80.asm
               RCSTA2bits   0x000fa6       data     extern C:\MCC18\src\traditional\proc\p18F25K80.asm
             BAUDCON1bits   0x000fa7       data     extern C:\MCC18\src\traditional\proc\p18F25K80.asm
                 BAUDCON1   0x000fa7       data     extern C:\MCC18\src\traditional\proc\p18F25K80.asm
                  HLVDCON   0x000fa8       data     extern C:\MCC18\src\traditional\proc\p18F25K80.asm
              HLVDCONbits   0x000fa8       data     extern C:\MCC18\src\traditional\proc\p18F25K80.asm
                      PR4   0x000fa9       data     extern C:\MCC18\src\traditional\proc\p18F25K80.asm
                   T1GCON   0x000faa       data     extern C:\MCC18\src\traditional\proc\p18F25K80.asm
               T1GCONbits   0x000faa       data     extern C:\MCC18\src\traditional\proc\p18F25K80.asm
                RCSTAbits   0x000fab       data     extern C:\MCC18\src\traditional\proc\p18F25K80.asm
                    RCSTA   0x000fab       data     extern C:\MCC18\src\traditional\proc\p18F25K80.asm
                   RCSTA1   0x000fab       data     extern C:\MCC18\src\traditional\proc\p18F25K80.asm
               RCSTA1bits   0x000fab       data     extern C:\MCC18\src\traditional\proc\p18F25K80.asm
                    TXSTA   0x000fac       data     extern C:\MCC18\src\traditional\proc\p18F25K80.asm
                   TXSTA1   0x000fac       data     extern C:\MCC18\src\traditional\proc\p18F25K80.asm
                TXSTAbits   0x000fac       data     extern C:\MCC18\src\traditional\proc\p18F25K80.asm
               TXSTA1bits   0x000fac       data     extern C:\MCC18\src\traditional\proc\p18F25K80.asm
                    TXREG   0x000fad       data     extern C:\MCC18\src\traditional\proc\p18F25K80.asm
                   TXREG1   0x000fad       data     extern C:\MCC18\src\traditional\proc\p18F25K80.asm
                    RCREG   0x000fae       data     extern C:\MCC18\src\traditional\proc\p18F25K80.asm
                   RCREG1   0x000fae       data     extern C:\MCC18\src\traditional\proc\p18F25K80.asm
                   SPBRG1   0x000faf       data     extern C:\MCC18\src\traditional\proc\p18F25K80.asm
                    SPBRG   0x000faf       data     extern C:\MCC18\src\traditional\proc\p18F25K80.asm
               T3GCONbits   0x000fb0       data     extern C:\MCC18\src\traditional\proc\p18F25K80.asm
                   T3GCON   0x000fb0       data     extern C:\MCC18\src\traditional\proc\p18F25K80.asm
                T3CONbits   0x000fb1       data     extern C:\MCC18\src\traditional\proc\p18F25K80.asm
                    T3CON   0x000fb1       data     extern C:\MCC18\src\traditional\proc\p18F25K80.asm
                    TMR3L   0x000fb2       data     extern C:\MCC18\src\traditional\proc\p18F25K80.asm
                    TMR3H   0x000fb3       data     extern C:\MCC18\src\traditional\proc\p18F25K80.asm
               CMSTATbits   0x000fb4       data     extern C:\MCC18\src\traditional\proc\p18F25K80.asm
             CMSTATUSbits   0x000fb4       data     extern C:\MCC18\src\traditional\proc\p18F25K80.asm
                 CMSTATUS   0x000fb4       data     extern C:\MCC18\src\traditional\proc\p18F25K80.asm
                   CMSTAT   0x000fb4       data     extern C:\MCC18\src\traditional\proc\p18F25K80.asm
                   CVRCON   0x000fb5       data     extern C:\MCC18\src\traditional\proc\p18F25K80.asm
               CVRCONbits   0x000fb5       data     extern C:\MCC18\src\traditional\proc\p18F25K80.asm
                 PIE4bits   0x000fb6       data     extern C:\MCC18\src\traditional\proc\p18F25K80.asm
                     PIE4   0x000fb6       data     extern C:\MCC18\src\traditional\proc\p18F25K80.asm
                     PIR4   0x000fb7       data     extern C:\MCC18\src\traditional\proc\p18F25K80.asm
                 PIR4bits   0x000fb7       data     extern C:\MCC18\src\traditional\proc\p18F25K80.asm
                 IPR4bits   0x000fb8       data     extern C:\MCC18\src\traditional\proc\p18F25K80.asm
                     IPR4   0x000fb8       data     extern C:\MCC18\src\traditional\proc\p18F25K80.asm
             BAUDCON2bits   0x000fb9       data     extern C:\MCC18\src\traditional\proc\p18F25K80.asm
                 BAUDCON2   0x000fb9       data     extern C:\MCC18\src\traditional\proc\p18F25K80.asm
                   TXSTA2   0x000fba       data     extern C:\MCC18\src\traditional\proc\p18F25K80.asm
               TXSTA2bits   0x000fba       data     extern C:\MCC18\src\traditional\proc\p18F25K80.asm
                  CCP1CON   0x000fbb       data     extern C:\MCC18\src\traditional\proc\p18F25K80.asm
              CCP1CONbits   0x000fbb       data     extern C:\MCC18\src\traditional\proc\p18F25K80.asm
                 ECCP1CON   0x000fbb       data     extern C:\MCC18\src\traditional\proc\p18F25K80.asm
             ECCP1CONbits   0x000fbb       data     extern C:\MCC18\src\traditional\proc\p18F25K80.asm
                    CCPR1   0x000fbc       data     extern C:\MCC18\src\traditional\proc\p18F25K80.asm
                   CCPR1L   0x000fbc       data     extern C:\MCC18\src\traditional\proc\p18F25K80.asm
                   CCPR1H   0x000fbd       data     extern C:\MCC18\src\traditional\proc\p18F25K80.asm
             ECCP1DELbits   0x000fbe       data     extern C:\MCC18\src\traditional\proc\p18F25K80.asm
                 ECCP1DEL   0x000fbe       data     extern C:\MCC18\src\traditional\proc\p18F25K80.asm
              PWM1CONbits   0x000fbe       data     extern C:\MCC18\src\traditional\proc\p18F25K80.asm
                  PWM1CON   0x000fbe       data     extern C:\MCC18\src\traditional\proc\p18F25K80.asm
              ECCP1ASbits   0x000fbf       data     extern C:\MCC18\src\traditional\proc\p18F25K80.asm
                  ECCP1AS   0x000fbf       data     extern C:\MCC18\src\traditional\proc\p18F25K80.asm
               ADCON2bits   0x000fc0       data     extern C:\MCC18\src\traditional\proc\p18F25K80.asm
                   ADCON2   0x000fc0       data     extern C:\MCC18\src\traditional\proc\p18F25K80.asm
                   ADCON1   0x000fc1       data     extern C:\MCC18\src\traditional\proc\p18F25K80.asm
               ADCON1bits   0x000fc1       data     extern C:\MCC18\src\traditional\proc\p18F25K80.asm
                   ADCON0   0x000fc2       data     extern C:\MCC18\src\traditional\proc\p18F25K80.asm
               ADCON0bits   0x000fc2       data     extern C:\MCC18\src\traditional\proc\p18F25K80.asm
                    ADRES   0x000fc3       data     extern C:\MCC18\src\traditional\proc\p18F25K80.asm
                   ADRESL   0x000fc3       data     extern C:\MCC18\src\traditional\proc\p18F25K80.asm
                   ADRESH   0x000fc4       data     extern C:\MCC18\src\traditional\proc\p18F25K80.asm
                  SSPCON2   0x000fc5       data     extern C:\MCC18\src\traditional\proc\p18F25K80.asm
              SSPCON2bits   0x000fc5       data     extern C:\MCC18\src\traditional\proc\p18F25K80.asm
                  SSPCON1   0x000fc6       data     extern C:\MCC18\src\traditional\proc\p18F25K80.asm
              SSPCON1bits   0x000fc6       data     extern C:\MCC18\src\traditional\proc\p18F25K80.asm
              SSPSTATbits   0x000fc7       data     extern C:\MCC18\src\traditional\proc\p18F25K80.asm
                  SSPSTAT   0x000fc7       data     extern C:\MCC18\src\traditional\proc\p18F25K80.asm
                   SSPADD   0x000fc8       data     extern C:\MCC18\src\traditional\proc\p18F25K80.asm
               SSPADDbits   0x000fc8       data     extern C:\MCC18\src\traditional\proc\p18F25K80.asm
                   SSPBUF   0x000fc9       data     extern C:\MCC18\src\traditional\proc\p18F25K80.asm
                    T2CON   0x000fca       data     extern C:\MCC18\src\traditional\proc\p18F25K80.asm
                T2CONbits   0x000fca       data     extern C:\MCC18\src\traditional\proc\p18F25K80.asm
                      PR2   0x000fcb       data     extern C:\MCC18\src\traditional\proc\p18F25K80.asm
                     TMR2   0x000fcc       data     extern C:\MCC18\src\traditional\proc\p18F25K80.asm
                T1CONbits   0x000fcd       data     extern C:\MCC18\src\traditional\proc\p18F25K80.asm
                    T1CON   0x000fcd       data     extern C:\MCC18\src\traditional\proc\p18F25K80.asm
                    TMR1L   0x000fce       data     extern C:\MCC18\src\traditional\proc\p18F25K80.asm
                    TMR1H   0x000fcf       data     extern C:\MCC18\src\traditional\proc\p18F25K80.asm
                     RCON   0x000fd0       data     extern C:\MCC18\src\traditional\proc\p18F25K80.asm
                 RCONbits   0x000fd0       data     extern C:\MCC18\src\traditional\proc\p18F25K80.asm
               WDTCONbits   0x000fd1       data     extern C:\MCC18\src\traditional\proc\p18F25K80.asm
                   WDTCON   0x000fd1       data     extern C:\MCC18\src\traditional\proc\p18F25K80.asm
              OSCCON2bits   0x000fd2       data     extern C:\MCC18\src\traditional\proc\p18F25K80.asm
                  OSCCON2   0x000fd2       data     extern C:\MCC18\src\traditional\proc\p18F25K80.asm
               OSCCONbits   0x000fd3       data     extern C:\MCC18\src\traditional\proc\p18F25K80.asm
                   OSCCON   0x000fd3       data     extern C:\MCC18\src\traditional\proc\p18F25K80.asm
                    T0CON   0x000fd5       data     extern C:\MCC18\src\traditional\proc\p18F25K80.asm
                T0CONbits   0x000fd5       data     extern C:\MCC18\src\traditional\proc\p18F25K80.asm
                    TMR0L   0x000fd6       data     extern C:\MCC18\src\traditional\proc\p18F25K80.asm
                    TMR0H   0x000fd7       data     extern C:\MCC18\src\traditional\proc\p18F25K80.asm
                   STATUS   0x000fd8       data     extern C:\MCC18\src\traditional\proc\p18F25K80.asm
               STATUSbits   0x000fd8       data     extern C:\MCC18\src\traditional\proc\p18F25K80.asm
                    FSR2L   0x000fd9       data     extern C:\MCC18\src\traditional\proc\p18F25K80.asm
                     FSR2   0x000fd9       data     extern C:\MCC18\src\traditional\proc\p18F25K80.asm
                    FSR2H   0x000fda       data     extern C:\MCC18\src\traditional\proc\p18F25K80.asm
                FSR2Hbits   0x000fda       data     extern C:\MCC18\src\traditional\proc\p18F25K80.asm
                   PLUSW2   0x000fdb       data     extern C:\MCC18\src\traditional\proc\p18F25K80.asm
                  PREINC2   0x000fdc       data     extern C:\MCC18\src\traditional\proc\p18F25K80.asm
                 POSTDEC2   0x000fdd       data     extern C:\MCC18\src\traditional\proc\p18F25K80.asm
                 POSTINC2   0x000fde       data     extern C:\MCC18\src\traditional\proc\p18F25K80.asm
                    INDF2   0x000fdf       data     extern C:\MCC18\src\traditional\proc\p18F25K80.asm
                      BSR   0x000fe0       data     extern C:\MCC18\src\traditional\proc\p18F25K80.asm
                  BSRbits   0x000fe0       data     extern C:\MCC18\src\traditional\proc\p18F25K80.asm
                    FSR1L   0x000fe1       data     extern C:\MCC18\src\traditional\proc\p18F25K80.asm
                     FSR1   0x000fe1       data     extern C:\MCC18\src\traditional\proc\p18F25K80.asm
                FSR1Hbits   0x000fe2       data     extern C:\MCC18\src\traditional\proc\p18F25K80.asm
                    FSR1H   0x000fe2       data     extern C:\MCC18\src\traditional\proc\p18F25K80.asm
                   PLUSW1   0x000fe3       data     extern C:\MCC18\src\traditional\proc\p18F25K80.asm
                  PREINC1   0x000fe4       data     extern C:\MCC18\src\traditional\proc\p18F25K80.asm
                 POSTDEC1   0x000fe5       data     extern C:\MCC18\src\traditional\proc\p18F25K80.asm
                 POSTINC1   0x000fe6       data     extern C:\MCC18\src\traditional\proc\p18F25K80.asm
                    INDF1   0x000fe7       data     extern C:\MCC18\src\traditional\proc\p18F25K80.asm
                     WREG   0x000fe8       data     extern C:\MCC18\src\traditional\proc\p18F25K80.asm
                     FSR0   0x000fe9       data     extern C:\MCC18\src\traditional\proc\p18F25K80.asm
                    FSR0L   0x000fe9       data     extern C:\MCC18\src\traditional\proc\p18F25K80.asm
                FSR0Hbits   0x000fea       data     extern C:\MCC18\src\traditional\proc\p18F25K80.asm
                    FSR0H   0x000fea       data     extern C:\MCC18\src\traditional\proc\p18F25K80.asm
                   PLUSW0   0x000feb       data     extern C:\MCC18\src\traditional\proc\p18F25K80.asm
                  PREINC0   0x000fec       data     extern C:\MCC18\src\traditional\proc\p18F25K80.asm
                 POSTDEC0   0x000fed       data     extern C:\MCC18\src\traditional\proc\p18F25K80.asm
                 POSTINC0   0x000fee       data     extern C:\MCC18\src\traditional\proc\p18F25K80.asm
                    INDF0   0x000fef       data     extern C:\MCC18\src\traditional\proc\p18F25K80.asm
              INTCON3bits   0x000ff0       data     extern C:\MCC18\src\traditional\proc\p18F25K80.asm
                  INTCON3   0x000ff0       data     extern C:\MCC18\src\traditional\proc\p18F25K80.asm
              INTCON2bits   0x000ff1       data     extern C:\MCC18\src\traditional\proc\p18F25K80.asm
                  INTCON2   0x000ff1       data     extern C:\MCC18\src\traditional\proc\p18F25K80.asm
                   INTCON   0x000ff2       data     extern C:\MCC18\src\traditional\proc\p18F25K80.asm
                  INTCON1   0x000ff2       data     extern C:\MCC18\src\traditional\proc\p18F25K80.asm
              INTCON1bits   0x000ff2       data     extern C:\MCC18\src\traditional\proc\p18F25K80.asm
               INTCONbits   0x000ff2       data     extern C:\MCC18\src\traditional\proc\p18F25K80.asm
                     PROD   0x000ff3       data     extern C:\MCC18\src\traditional\proc\p18F25K80.asm
                    PRODL   0x000ff3       data     extern C:\MCC18\src\traditional\proc\p18F25K80.asm
                    PRODH   0x000ff4       data     extern C:\MCC18\src\traditional\proc\p18F25K80.asm
                   TABLAT   0x000ff5       data     extern C:\MCC18\src\traditional\proc\p18F25K80.asm
                   TBLPTR   0x000ff6       data     extern C:\MCC18\src\traditional\proc\p18F25K80.asm
                  TBLPTRL   0x000ff6       data     extern C:\MCC18\src\traditional\proc\p18F25K80.asm
                  TBLPTRH   0x000ff7       data     extern C:\MCC18\src\traditional\proc\p18F25K80.asm
              TBLPTRUbits   0x000ff8       data     extern C:\MCC18\src\traditional\proc\p18F25K80.asm
                  TBLPTRU   0x000ff8       data     extern C:\MCC18\src\traditional\proc\p18F25K80.asm
                      PCL   0x000ff9       data     extern C:\MCC18\src\traditional\proc\p18F25K80.asm
                       PC   0x000ff9       data     extern C:\MCC18\src\traditional\proc\p18F25K80.asm
                   PCLATH   0x000ffa       data     extern C:\MCC18\src\traditional\proc\p18F25K80.asm
                   PCLATU   0x000ffb       data     extern C:\MCC18\src\traditional\proc\p18F25K80.asm
               PCLATUbits   0x000ffb       data     extern C:\MCC18\src\traditional\proc\p18F25K80.asm
                   STKPTR   0x000ffc       data     extern C:\MCC18\src\traditional\proc\p18F25K80.asm
               STKPTRbits   0x000ffc       data     extern C:\MCC18\src\traditional\proc\p18F25K80.asm
                      TOS   0x000ffd       data     extern C:\MCC18\src\traditional\proc\p18F25K80.asm
                     TOSL   0x000ffd       data     extern C:\MCC18\src\traditional\proc\p18F25K80.asm
                     TOSH   0x000ffe       data     extern C:\MCC18\src\traditional\proc\p18F25K80.asm
                     TOSU   0x000fff       data     extern C:\MCC18\src\traditional\proc\p18F25K80.asm
                 TOSUbits   0x000fff       data     extern C:\MCC18\src\traditional\proc\p18F25K80.asm


