[backblue.gif]
[fade.gif]
[index.html]
[pylonsbook.com/en/1.0/_sources/index.txt]
[pylonsbook.com/en/1.0/index.html]
[pylonsbook.com/en/1.0/_static/default.css]
[pylonsbook.com/en/1.0/_static/pygments.css]
[pylonsbook.com/en/1.0/_static/jquery.js]
[pylonsbook.com/en/1.0/_static/doctools.js]
[pylonsbook.com/en/1.0/_images/james.jpg]
[pylonsbook.com/en/1.0/_sources/front-matter.txt]
[pylonsbook.com/en/1.0/front-matter.html]
[pylonsbook.com/en/1.0/genindex.html]
[pylonsbook.com/en/1.0/_sources/introducing-pylons.txt]
[pylonsbook.com/en/1.0/introducing-pylons.html]
[pylonsbook.com/en/1.0/_images/9349f0201.png]
[pylonsbook.com/en/1.0/_images/9349f0202.png]
[pylonsbook.com/en/1.0/_images/9349f0203.png]
[pylonsbook.com/en/1.0/_images/9349f0204.png]
[pylonsbook.com/en/1.0/_sources/installing-pylons.txt]
[pylonsbook.com/en/1.0/installing-pylons.html]
[pylonsbook.com/en/1.0/_images/9349f0301.png]
[pylonsbook.com/en/1.0/_images/9349f0302.png]
[pylonsbook.com/en/1.0/_images/9349f0303.png]
[pylonsbook.com/en/1.0/_sources/exploring-pylons.txt]
[pylonsbook.com/en/1.0/exploring-pylons.html]
[pylonsbook.com/en/1.0/_images/9349f0401.png]
[pylonsbook.com/en/1.0/_images/9349f0402.png]
[pylonsbook.com/en/1.0/_images/9349f0403.png]
[pylonsbook.com/en/1.0/_images/9349f0404.png]
[pylonsbook.com/en/1.0/_images/9349f0405.png]
[pylonsbook.com/en/1.0/_sources/tracking-down-problems-and-handling-errors.txt]
[pylonsbook.com/en/1.0/tracking-down-problems-and-handling-errors.html]
[pylonsbook.com/en/1.0/_images/9349f0501.png]
[pylonsbook.com/en/1.0/_images/9349f0502.png]
[pylonsbook.com/en/1.0/_sources/using-view-templates.txt]
[pylonsbook.com/en/1.0/using-view-templates.html]
[pylonsbook.com/en/1.0/_images/9349f0601.png]
[pylonsbook.com/en/1.0/_images/9349f0602.png]
[pylonsbook.com/en/1.0/_images/9349f0603.png]
[pylonsbook.com/en/1.0/_images/9349f0604.png]
[pylonsbook.com/en/1.0/_images/9349f0605.png]
[pylonsbook.com/en/1.0/_images/9349f0606.png]
[pylonsbook.com/en/1.0/_sources/working-with-forms-and-validators.txt]
[pylonsbook.com/en/1.0/working-with-forms-and-validators.html]
[pylonsbook.com/en/1.0/_images/9349f0701.png]
[pylonsbook.com/en/1.0/_images/9349f0702.png]
[pylonsbook.com/en/1.0/_sources/introducing-the-model-and-sqlalchemy.txt]
[pylonsbook.com/en/1.0/introducing-the-model-and-sqlalchemy.html]
[pylonsbook.com/en/1.0/_images/9349f0801.png]
[pylonsbook.com/en/1.0/_images/9349f0802.png]
[pylonsbook.com/en/1.0/_images/9349f0803.png]
[pylonsbook.com/en/1.0/_images/9349f0804.png]
[pylonsbook.com/en/1.0/_images/9349f0805.png]
[pylonsbook.com/en/1.0/_images/9349f0806.png]
[pylonsbook.com/en/1.0/_sources/starting-the-simplesite-tutorial.txt]
[pylonsbook.com/en/1.0/starting-the-simplesite-tutorial.html]
[pylonsbook.com/en/1.0/_sources/urls-routing-and-dispatch.txt]
[pylonsbook.com/en/1.0/urls-routing-and-dispatch.html]
[pylonsbook.com/en/1.0/_sources/unicode.txt]
[pylonsbook.com/en/1.0/unicode.html]
[pylonsbook.com/en/1.0/_sources/internationalization-and-localization.txt]
[pylonsbook.com/en/1.0/internationalization-and-localization.html]
[pylonsbook.com/en/1.0/_sources/testing.txt]
[pylonsbook.com/en/1.0/testing.html]
[pylonsbook.com/en/1.0/_images/9349f1301.png]
[pylonsbook.com/en/1.0/_images/9349f1302.png]
[pylonsbook.com/en/1.0/_images/9349f1303.png]
[pylonsbook.com/en/1.0/_images/9349f1304.png]
[pylonsbook.com/en/1.0/_images/9349f1305.png]
[pylonsbook.com/en/1.0/_sources/documentation.txt]
[pylonsbook.com/en/1.0/documentation.html]
[pylonsbook.com/en/1.0/_images/9349f1401.png]
[pylonsbook.com/en/1.0/_images/9349f1402.png]
[pylonsbook.com/en/1.0/_images/9349f1403.png]
[pylonsbook.com/en/1.0/_images/9349f1404.png]
[pylonsbook.com/en/1.0/_images/9349f1405.png]
[pylonsbook.com/en/1.0/_images/9349f1406.png]
[pylonsbook.com/en/1.0/_images/9349f1407.png]
[pylonsbook.com/en/1.0/_images/9349f1408.png]
[pylonsbook.com/en/1.0/_sources/simplesite-tutorial-part-2.txt]
[pylonsbook.com/en/1.0/simplesite-tutorial-part-2.html]
[pylonsbook.com/en/1.0/_images/9349f1501.png]
[pylonsbook.com/en/1.0/_images/9349f1502.png]
[pylonsbook.com/en/1.0/_images/9349f1503.png]
[pylonsbook.com/en/1.0/_images/9349f1504.png]
[pylonsbook.com/en/1.0/_images/9349f1505.png]
[pylonsbook.com/en/1.0/_sources/css-javascript-and-ajax.txt]
[pylonsbook.com/en/1.0/css-javascript-and-ajax.html]
[pylonsbook.com/en/1.0/_sources/the-web-server-gateway-interface-wsgi.txt]
[pylonsbook.com/en/1.0/the-web-server-gateway-interface-wsgi.html]
[pylonsbook.com/en/1.0/_images/9349f1701.png]
[pylonsbook.com/en/1.0/_sources/pylons-internal-architecture.txt]
[pylonsbook.com/en/1.0/pylons-internal-architecture.html]
[pylonsbook.com/en/1.0/_images/9349f1801.png]
[pylonsbook.com/en/1.0/_sources/authentication-and-authorization.txt]
[pylonsbook.com/en/1.0/authentication-and-authorization.html]
[pylonsbook.com/en/1.0/_images/9349f1901.png]
[pylonsbook.com/en/1.0/_images/9349f1902.png]
[pylonsbook.com/en/1.0/_images/9349f1903.png]
[pylonsbook.com/en/1.0/_images/9349f1904.png]
[pylonsbook.com/en/1.0/_images/9349f1905.png]
[pylonsbook.com/en/1.0/_images/9349f1906.png]
[pylonsbook.com/en/1.0/_images/9349f1907.png]
[pylonsbook.com/en/1.0/_images/9349f1908.png]
[pylonsbook.com/en/1.0/_sources/simplesite-tutorial-part-3.txt]
[pylonsbook.com/en/1.0/simplesite-tutorial-part-3.html]
[pylonsbook.com/en/1.0/_sources/logging.txt]
[pylonsbook.com/en/1.0/logging.html]
[pylonsbook.com/en/1.0/_images/9349f2101.png]
[pylonsbook.com/en/1.0/_sources/deployment.txt]
[pylonsbook.com/en/1.0/deployment.html]
[pylonsbook.com/en/1.0/_sources/licenses.txt]
[pylonsbook.com/en/1.0/licenses.html]
[pylonsbook.com/en/1.0/modindex.html]
[pylonsbook.com/en/1.0/search.html]
[pylonsbook.com/en/1.0/_static/file.png]
[pylonsbook.com/en/1.0/_static/basic.css]
[pylonsbook.com/en/1.0/minus.html]
[pylonsbook.com/en/1.0/_static/searchtools.js]
[pylonsbook.com/en/1.0/searchindex.js]
