HI-TECH Software C Compiler 

Linker command line:

--edf=C:\Program Files\PICC\dat\en_msgs.txt -cs -h+rs232.sym -z -Q16F627 \
  -ol.obj -Mrs232.map -E1 -ACONST=00h-0FFhx4 -ACODE=00h-03FFh \
  -ASTRCODE=00h-03FFh -AENTRY=00h-0FFhx4 -ASTRING=00h-0FFhx4 \
  -ABANK0=020h-06Fh -ABANK1=0A0h-0EFh -ABANK2=0120h-014Fh \
  -ARAM=020h-06Fh,0A0h-0EFh,0120h-014Fh \
  -AABS1=020h-07Fh,0A0h-0EFh,0120h-014Fh -ACOMMON=070h-07Fh -ASFR0=00h-01Fh \
  -ASFR1=080h-09Fh -ASFR2=0100h-011Fh -ASFR3=0180h-01EFh \
  -preset_vec=00h,intentry=04h,init,end_init -ppowerup=CODE -pfunctab=CODE \
  -ACONFIG=02007h-02007h -pconfig=CONFIG -DCONFIG=2 -AIDLOC=02000h-02003h \
  -pidloc=IDLOC -DIDLOC=2 -AEEDATA=00h-07Fh/02100h -peeprom_data=EEDATA \
  -DEEDATA=2 -DCODE=2 -DSTRCODE=2 -DSTRING=2 -DCONST=2 -DENTRY=2 -k \
  startup.obj rs232.obj 

Object code version is 3.10

Machine type is 16F627



                Name                               Link     Load   Length Selector   Space Scale
startup.obj     end_init                             10       10        1        8       0
                reset_vec                             0        0        1        0       0
rs232.obj       intentry                              4        4        C        8       0
                config                             2007     2007        1     400E       0
                text68                               28       28       13        8       0
                text67                               11       11       17        8       0
                maintext                             3B       3B        9        8       0
                cstackCOMMON                         70       70        4       70       1
                dataCOMMON                           74       74        1       70       1
                cinit                                44       44        4        8       0
                idataCOMMON                          48       48        1        8       0

TOTAL           Name                               Link     Load   Length     Space
        CLASS   CONST          

        CLASS   CODE           
                end_init                             10       10        1         0
                intentry                              4        4        C         0
                reset_vec                             0        0        1         0
                text68                               28       28       13         0
                text67                               11       11       17         0
                maintext                             3B       3B        9         0
                cinit                                44       44        4         0
                idataCOMMON                          48       48        1         0

        CLASS   STRCODE        

        CLASS   ENTRY          

        CLASS   STRING         

        CLASS   BANK0          

        CLASS   BANK1          

        CLASS   BANK2          

        CLASS   RAM            

        CLASS   ABS1           
                abs_s1                               7E       7E        2         1

        CLASS   COMMON         
                cstackCOMMON                         70       70        4         1
                dataCOMMON                           74       74        1         1

        CLASS   SFR0           

        CLASS   SFR1           

        CLASS   SFR2           

        CLASS   SFR3           

        CLASS   CONFIG         
                config                             2007     2007        1         0

        CLASS   IDLOC          

        CLASS   EEDATA         

        CLASS   BANK3          



SEGMENTS        Name                           Load    Length   Top    Selector   Space  Class     Delta

                reset_vec                      000000  000001  000001         0       0  CODE        2
                intentry                       000004  000045  000049         8       0  CODE        2
                cstackCOMMON                   000070  000005  000075        70       1  COMMON      1
                config                         002007  000001  002008      400E       0  CONFIG      2


UNUSED ADDRESS RANGES

        Name                Unused          Largest block    Delta
        BANK0            0020-006F             50           1
        BANK1            00A0-00EF             50           1
        BANK2            0120-014F             30           1
        CODE             0001-0003              3           2
                         0049-03FF            3B7
        COMMON           0075-007D              9           1
        CONST            0001-0003              3           2
                         0049-03FF            100
        EEDATA           2100-217F             80           2
        ENTRY            0001-0003              3           2
                         0049-03FF            100
        IDLOC            2000-2003              4           2
        RAM              0020-006F             50           1
                         00A0-00EF             50
                         0120-014F             30
        SFR0             0000-001F             20           1
        SFR1             0080-009F             20           1
        SFR2             0100-011F             20           1
        SFR3             0180-01EF             70           1
        STRCODE          0001-0003              3           2
                         0049-03FF            3B7
        STRING           0001-0003              3           2
                         0049-03FF            100

                                  Symbol Table

??_isr                cstackCOMMON 0070
??_main               cstackCOMMON 0074
??_reset              cstackCOMMON 0074
?_isr                 cstackCOMMON 0070
?_main                cstackCOMMON 0070
?_reset               cstackCOMMON 0070
_CMCON                (abs)        001F
_INTCON               (abs)        000B
_OPTION               (abs)        0081
_PIE1                 (abs)        008C
_PORTA                (abs)        0005
_PORTB                (abs)        0006
_RA0                  (abs)        0028
_RCIF                 (abs)        0065
_RCREG                (abs)        001A
_TRISA                (abs)        0085
_TRISB                (abs)        0086
_TXIF                 (abs)        0064
_TXREG                (abs)        0019
__Habs1               abs1         0000
__Hbank0              bank0        0000
__Hbank1              bank1        0000
__Hbank2              bank2        0000
__Hbank3              bank3        0000
__Hcinit              cinit        0000
__Hclrtext            clrtext      0000
__Hcode               code         0000
__Hcommon             common       0000
__Hconfig             config       2008
__HcstackCOMMON       cstackCOMMON 0000
__HdataCOMMON         dataCOMMON   0000
__Heeprom_data        eeprom_data  0000
__Hend_init           end_init     0011
__Hfunctab            functab      0000
__HidataCOMMON        idataCOMMON  0000
__Hidloc              idloc        0000
__Hinit               init         0010
__Hintentry           intentry     0010
__Hmaintext           maintext     0000
__Hpowerup            powerup      0000
__Hram                ram          0000
__Hreset_vec          reset_vec    0001
__Hsfr0               sfr0         0000
__Hsfr1               sfr1         0000
__Hsfr2               sfr2         0000
__Hsfr3               sfr3         0000
__Hstrings            strings      0000
__Htext               text         0000
__Labs1               abs1         0000
__Lbank0              bank0        0000
__Lbank1              bank1        0000
__Lbank2              bank2        0000
__Lbank3              bank3        0000
__Lcinit              cinit        0000
__Lclrtext            clrtext      0000
__Lcode               code         0000
__Lcommon             common       0000
__Lconfig             config       2007
__LcstackCOMMON       cstackCOMMON 0000
__LdataCOMMON         dataCOMMON   0000
__Leeprom_data        eeprom_data  0000
__Lend_init           end_init     0010
__Lfunctab            functab      0000
__LidataCOMMON        idataCOMMON  0000
__Lidloc              idloc        0000
__Linit               init         0010
__Lintentry           intentry     0004
__Lmaintext           maintext     0000
__Lpowerup            powerup      0000
__Lram                ram          0000
__Lreset_vec          reset_vec    0000
__Lsfr0               sfr0         0000
__Lsfr1               sfr1         0000
__Lsfr2               sfr2         0000
__Lsfr3               sfr3         0000
__Lstrings            strings      0000
__Ltext               text         0000
__S0                  (abs)        2008
__S1                  (abs)        0075
__S2                  (abs)        0000
__end_of_isr          text68       003B
__end_of_main         maintext     0044
__end_of_reset        text67       0028
__pcstackCOMMON       cstackCOMMON 0070
__pdataCOMMON         dataCOMMON   0074
__pidataCOMMON        idataCOMMON  0048
__pintentry           intentry     0004
__pmaintext           maintext     003B
__ptext67             text67       0011
__ptext68             text68       0028
__ptext69             text69       0000
__size_of_isr         (abs)        0000
__size_of_main        (abs)        0000
__size_of_reset       (abs)        0000
_exit                 init         0010
_isr                  text68       0028
_main                 maintext     003B
_reset                text67       0011
_transmit             dataCOMMON   0074
btemp                 (abs)        007E
end_of_initialization cinit        0046
interrupt_function    intentry     0004
intlevel0             functab      0000
intlevel1             functab      0000
intlevel2             functab      0000
intlevel3             functab      0000
intlevel4             functab      0000
intlevel5             functab      0000
reset_vec             reset_vec    0000
saved_w               (abs)        007E
start                 init         0010
start_initialization  cinit        0044
wtemp0                (abs)        007E
